Archive member included to satisfy reference by file (symbol)

../../Middlewares/ST/AI/Lib\NetworkRuntime1010_CM7_GCC.a(ai_platform.o)
                              ./X-CUBE-AI/App/tinycnnbuow.o (ai_buffer_array_item_set_address)
../../Middlewares/ST/AI/Lib\NetworkRuntime1010_CM7_GCC.a(ai_platform_interface.o)
                              ./X-CUBE-AI/App/tinycnnbuow.o (ai_platform_get_weights_map)
../../Middlewares/ST/AI/Lib\NetworkRuntime1010_CM7_GCC.a(core_common.o)
                              ../../Middlewares/ST/AI/Lib\NetworkRuntime1010_CM7_GCC.a(ai_platform_interface.o) (core_init)
../../Middlewares/ST/AI/Lib\NetworkRuntime1010_CM7_GCC.a(core_mem_manager.o)
                              ../../Middlewares/ST/AI/Lib\NetworkRuntime1010_CM7_GCC.a(ai_platform_interface.o) (core_mem_alloc)
../../Middlewares/ST/AI/Lib\NetworkRuntime1010_CM7_GCC.a(layers.o)
                              ../../Middlewares/ST/AI/Lib\NetworkRuntime1010_CM7_GCC.a(ai_platform_interface.o) (ai_check_custom_types)
../../Middlewares/ST/AI/Lib\NetworkRuntime1010_CM7_GCC.a(layers_conv2d_generic_float.o)
                              ./X-CUBE-AI/App/tinycnnbuow.o (forward_conv2d_if32of32wf32)
../../Middlewares/ST/AI/Lib\NetworkRuntime1010_CM7_GCC.a(layers_generic_float.o)
                              ./X-CUBE-AI/App/tinycnnbuow.o (forward_pad)
../../Middlewares/ST/AI/Lib\NetworkRuntime1010_CM7_GCC.a(layers_nl_generic_float.o)
                              ./X-CUBE-AI/App/tinycnnbuow.o (forward_relu)
../../Middlewares/ST/AI/Lib\NetworkRuntime1010_CM7_GCC.a(layers_norm_generic_float.o)
                              ./X-CUBE-AI/App/tinycnnbuow.o (forward_bn)
../../Middlewares/ST/AI/Lib\NetworkRuntime1010_CM7_GCC.a(layers_pad_generic.o)
                              ../../Middlewares/ST/AI/Lib\NetworkRuntime1010_CM7_GCC.a(layers_generic_float.o) (forward_pad_8bit_ch1st_3x3_constant)
../../Middlewares/ST/AI/Lib\NetworkRuntime1010_CM7_GCC.a(layers_resize.o)
                              ../../Middlewares/ST/AI/Lib\NetworkRuntime1010_CM7_GCC.a(layers_generic_float.o) (forward_resize_nearest_if32of32)
../../Middlewares/ST/AI/Lib\NetworkRuntime1010_CM7_GCC.a(layers_conv2d_integer_scratch.o)
                              ../../Middlewares/ST/AI/Lib\NetworkRuntime1010_CM7_GCC.a(layers.o) (get_dense_scratch_size_s8)
../../Middlewares/ST/AI/Lib\NetworkRuntime1010_CM7_GCC.a(forward_lite_argminmax.o)
                              ../../Middlewares/ST/AI/Lib\NetworkRuntime1010_CM7_GCC.a(layers_generic_float.o) (forward_lite_argmax_if32)
../../Middlewares/ST/AI/Lib\NetworkRuntime1010_CM7_GCC.a(forward_lite_conv2d_if32of32wf32.o)
                              ../../Middlewares/ST/AI/Lib\NetworkRuntime1010_CM7_GCC.a(layers_conv2d_generic_float.o) (forward_lite_conv2d_if32of32wf32)
../../Middlewares/ST/AI/Lib\NetworkRuntime1010_CM7_GCC.a(lite_nl_softmax_if32of32.o)
                              ../../Middlewares/ST/AI/Lib\NetworkRuntime1010_CM7_GCC.a(layers_nl_generic_float.o) (forward_lite_nl_softmax_if32of32_kernel)
../../Middlewares/ST/AI/Lib\NetworkRuntime1010_CM7_GCC.a(lite_nl_relu_if32of32.o)
                              ../../Middlewares/ST/AI/Lib\NetworkRuntime1010_CM7_GCC.a(layers_nl_generic_float.o) (forward_lite_nl_prelu_if32of32_kernel)
../../Middlewares/ST/AI/Lib\NetworkRuntime1010_CM7_GCC.a(lite_argminmax_if32_kernel.o)
                              ../../Middlewares/ST/AI/Lib\NetworkRuntime1010_CM7_GCC.a(forward_lite_argminmax.o) (forward_lite_argmax_f32_kernel_ch)
../../Middlewares/ST/AI/Lib\NetworkRuntime1010_CM7_GCC.a(lite_argminmax_is8_kernel.o)
                              ../../Middlewares/ST/AI/Lib\NetworkRuntime1010_CM7_GCC.a(forward_lite_argminmax.o) (forward_lite_argmax_s8_kernel)
../../Middlewares/ST/AI/Lib\NetworkRuntime1010_CM7_GCC.a(forward_lite_pool_f32.o)
                              ./X-CUBE-AI/App/tinycnnbuow.o (pool_func_mp_array_f32)
../../Middlewares/ST/AI/Lib\NetworkRuntime1010_CM7_GCC.a(forward_lite_resize.o)
                              ../../Middlewares/ST/AI/Lib\NetworkRuntime1010_CM7_GCC.a(layers_resize.o) (forward_lite_resize_bilinear_if32of32)
../../Middlewares/ST/AI/Lib\NetworkRuntime1010_CM7_GCC.a(forward_lite_upsample.o)
                              ../../Middlewares/ST/AI/Lib\NetworkRuntime1010_CM7_GCC.a(layers_generic_float.o) (forward_lite_upsample_bilinear_if32of32)
../../Middlewares/ST/AI/Lib\NetworkRuntime1010_CM7_GCC.a(forward_lite_upsample_generic.o)
                              ../../Middlewares/ST/AI/Lib\NetworkRuntime1010_CM7_GCC.a(layers_generic_float.o) (forward_lite_upsample_nearest)
../../Middlewares/ST/AI/Lib\NetworkRuntime1010_CM7_GCC.a(lite_bn_f32.o)
                              ../../Middlewares/ST/AI/Lib\NetworkRuntime1010_CM7_GCC.a(layers_norm_generic_float.o) (forward_lite_bn_if32of32wf32)
../../Middlewares/ST/AI/Lib\NetworkRuntime1010_CM7_GCC.a(lite_dense_if32.o)
[...]
Memory Configuration

Name             Origin             Length             Attributes
RAM_D1           0x24000000         0x00080000         xrw
FLASH            0x08000000         0x00100000         xr
DTCMRAM          0x20000000         0x00020000         xrw
RAM_D2           0x30000000         0x00048000         xrw
RAM_D3           0x38000000         0x00010000         xrw
ITCMRAM          0x00000000         0x00010000         xrw
*default*        0x00000000         0xffffffff

Linker script and memory map

LOAD C:/ST/STM32CubeIDE_1.19.0/STM32CubeIDE/plugins/com.st.stm32cube.ide.mcu.externaltools.gnu-tools-for-stm32.13.3.rel1.win32_1.0.0.202411081344/tools/bin/../lib/gcc/arm-none-eabi/13.3.1/thumb/v7e-m+dp/hard/crti.o
LOAD C:/ST/STM32CubeIDE_1.19.0/STM32CubeIDE/plugins/com.st.stm32cube.ide.mcu.externaltools.gnu-tools-for-stm32.13.3.rel1.win32_1.0.0.202411081344/tools/bin/../lib/gcc/arm-none-eabi/13.3.1/thumb/v7e-m+dp/hard/crtbegin.o
LOAD C:/ST/STM32CubeIDE_1.19.0/STM32CubeIDE/plugins/com.st.stm32cube.ide.mcu.externaltools.gnu-tools-for-stm32.13.3.rel1.win32_1.0.0.202411081344/tools/bin/../lib/gcc/arm-none-eabi/13.3.1/../../../../arm-none-eabi/lib/thumb/v7e-m+dp/hard/crt0.o
LOAD ./Common/Src/system_stm32h7xx_dualcore_boot_cm4_cm7.o
LOAD ./Core/Src/main.o
LOAD ./Core/Src/stm32h7xx_hal_msp.o
LOAD ./Core/Src/stm32h7xx_it.o
LOAD ./Core/Src/syscalls.o
LOAD ./Core/Src/sysmem.o
LOAD ./Core/Startup/startup_stm32h747xihx.o
LOAD ./Drivers/STM32H7xx_HAL_Driver/stm32h7xx_hal.o
LOAD ./Drivers/STM32H7xx_HAL_Driver/stm32h7xx_hal_cortex.o
LOAD ./Drivers/STM32H7xx_HAL_Driver/stm32h7xx_hal_dma.o
LOAD ./Drivers/STM32H7xx_HAL_Driver/stm32h7xx_hal_dma_ex.o
LOAD ./Drivers/STM32H7xx_HAL_Driver/stm32h7xx_hal_exti.o
LOAD ./Drivers/STM32H7xx_HAL_Driver/stm32h7xx_hal_flash.o
LOAD ./Drivers/STM32H7xx_HAL_Driver/stm32h7xx_hal_flash_ex.o
LOAD ./Drivers/STM32H7xx_HAL_Driver/stm32h7xx_hal_gpio.o
LOAD ./Drivers/STM32H7xx_HAL_Driver/stm32h7xx_hal_hsem.o
LOAD ./Drivers/STM32H7xx_HAL_Driver/stm32h7xx_hal_i2c.o
LOAD ./Drivers/STM32H7xx_HAL_Driver/stm32h7xx_hal_i2c_ex.o
LOAD ./Drivers/STM32H7xx_HAL_Driver/stm32h7xx_hal_mdma.o
LOAD ./Drivers/STM32H7xx_HAL_Driver/stm32h7xx_hal_pwr.o
LOAD ./Drivers/STM32H7xx_HAL_Driver/stm32h7xx_hal_pwr_ex.o
LOAD ./Drivers/STM32H7xx_HAL_Driver/stm32h7xx_hal_rcc.o
LOAD ./Drivers/STM32H7xx_HAL_Driver/stm32h7xx_hal_rcc_ex.o
LOAD ./Drivers/STM32H7xx_HAL_Driver/stm32h7xx_hal_sai.o
LOAD ./Drivers/STM32H7xx_HAL_Driver/stm32h7xx_hal_sai_ex.o
LOAD ./Drivers/STM32H7xx_HAL_Driver/stm32h7xx_hal_tim.o
LOAD ./Drivers/STM32H7xx_HAL_Driver/stm32h7xx_hal_tim_ex.o
LOAD ./X-CUBE-AI/App/app_x-cube-ai.o
LOAD ./X-CUBE-AI/App/tinycnnbuow.o
LOAD ./X-CUBE-AI/App/tinycnnbuow_data.o
LOAD ./X-CUBE-AI/App/tinycnnbuow_data_params.o
LOAD ../../Middlewares/ST/AI/Lib\NetworkRuntime1010_CM7_GCC.a
START GROUP
LOAD C:/ST/STM32CubeIDE_1.19.0/STM32CubeIDE/plugins/com.st.stm32cube.ide.mcu.externaltools.gnu-tools-for-stm32.13.3.rel1.win32_1.0.0.202411081344/tools/bin/../lib/gcc/arm-none-eabi/13.3.1/../../../../arm-none-eabi/lib/thumb/v7e-m+dp/hard\libstdc++_nano.a
LOAD C:/ST/STM32CubeIDE_1.19.0/STM32CubeIDE/plugins/com.st.stm32cube.ide.mcu.externaltools.gnu-tools-for-stm32.13.3.rel1.win32_1.0.0.202411081344/tools/bin/../lib/gcc/arm-none-eabi/13.3.1/../../../../arm-none-eabi/lib/thumb/v7e-m+dp/hard\libsupc++_nano.a
END GROUP
LOAD C:/ST/STM32CubeIDE_1.19.0/STM32CubeIDE/plugins/com.st.stm32cube.ide.mcu.externaltools.gnu-tools-for-stm32.13.3.rel1.win32_1.0.0.202411081344/tools/bin/../lib/gcc/arm-none-eabi/13.3.1/../../../../arm-none-eabi/lib/thumb/v7e-m+dp/hard\libstdc++_nano.a
LOAD C:/ST/STM32CubeIDE_1.19.0/STM32CubeIDE/plugins/com.st.stm32cube.ide.mcu.externaltools.gnu-tools-for-stm32.13.3.rel1.win32_1.0.0.202411081344/tools/bin/../lib/gcc/arm-none-eabi/13.3.1/../../../../arm-none-eabi/lib/thumb/v7e-m+dp/hard\libm.a
LOAD C:/ST/STM32CubeIDE_1.19.0/STM32CubeIDE/plugins/com.st.stm32cube.ide.mcu.externaltools.gnu-tools-for-stm32.13.3.rel1.win32_1.0.0.202411081344/tools/bin/../lib/gcc/arm-none-eabi/13.3.1/../../../../arm-none-eabi/lib/thumb/v7e-m+dp/hard\libc_nano.a
START GROUP
LOAD C:/ST/STM32CubeIDE_1.19.0/STM32CubeIDE/plugins/com.st.stm32cube.ide.mcu.externaltools.gnu-tools-for-stm32.13.3.rel1.win32_1.0.0.202411081344/tools/bin/../lib/gcc/arm-none-eabi/13.3.1/thumb/v7e-m+dp/hard\libgcc.a
LOAD C:/ST/STM32CubeIDE_1.19.0/STM32CubeIDE/plugins/com.st.stm32cube.ide.mcu.externaltools.gnu-tools-for-stm32.13.3.rel1.win32_1.0.0.202411081344/tools/bin/../lib/gcc/arm-none-eabi/13.3.1/../../../../arm-none-eabi/lib/thumb/v7e-m+dp/hard\libc_nano.a
END GROUP
START GROUP
LOAD C:/ST/STM32CubeIDE_1.19.0/STM32CubeIDE/plugins/com.st.stm32cube.ide.mcu.externaltools.gnu-tools-for-stm32.13.3.rel1.win32_1.0.0.202411081344/tools/bin/../lib/gcc/arm-none-eabi/13.3.1/thumb/v7e-m+dp/hard\libgcc.a
LOAD C:/ST/STM32CubeIDE_1.19.0/STM32CubeIDE/plugins/com.st.stm32cube.ide.mcu.externaltools.gnu-tools-for-stm32.13.3.rel1.win32_1.0.0.202411081344/tools/bin/../lib/gcc/arm-none-eabi/13.3.1/../../../../arm-none-eabi/lib/thumb/v7e-m+dp/hard\libc_nano.a
LOAD C:/ST/STM32CubeIDE_1.19.0/STM32CubeIDE/plugins/com.st.stm32cube.ide.mcu.externaltools.gnu-tools-for-stm32.13.3.rel1.win32_1.0.0.202411081344/tools/bin/../lib/gcc/arm-none-eabi/13.3.1/../../../../arm-none-eabi/lib/thumb/v7e-m+dp/hard\libnosys.a
END GROUP
START GROUP
LOAD C:/ST/STM32CubeIDE_1.19.0/STM32CubeIDE/plugins/com.st.stm32cube.ide.mcu.externaltools.gnu-tools-for-stm32.13.3.rel1.win32_1.0.0.202411081344/tools/bin/../lib/gcc/arm-none-eabi/13.3.1/thumb/v7e-m+dp/hard\libgcc.a
LOAD C:/ST/STM32CubeIDE_1.19.0/STM32CubeIDE/plugins/com.st.stm32cube.ide.mcu.externaltools.gnu-tools-for-stm32.13.3.rel1.win32_1.0.0.202411081344/tools/bin/../lib/gcc/arm-none-eabi/13.3.1/../../../../arm-none-eabi/lib/thumb/v7e-m+dp/hard\libc_nano.a
LOAD C:/ST/STM32CubeIDE_1.19.0/STM32CubeIDE/plugins/com.st.stm32cube.ide.mcu.externaltools.gnu-tools-for-stm32.13.3.rel1.win32_1.0.0.202411081344/tools/bin/../lib/gcc/arm-none-eabi/13.3.1/../../../../arm-none-eabi/lib/thumb/v7e-m+dp/hard\libnosys.a
END GROUP
LOAD C:/ST/STM32CubeIDE_1.19.0/STM32CubeIDE/plugins/com.st.stm32cube.ide.mcu.externaltools.gnu-tools-for-stm32.13.3.rel1.win32_1.0.0.202411081344/tools/bin/../lib/gcc/arm-none-eabi/13.3.1/thumb/v7e-m+dp/hard/crtend.o
LOAD C:/ST/STM32CubeIDE_1.19.0/STM32CubeIDE/plugins/com.st.stm32cube.ide.mcu.externaltools.gnu-tools-for-stm32.13.3.rel1.win32_1.0.0.202411081344/tools/bin/../lib/gcc/arm-none-eabi/13.3.1/thumb/v7e-m+dp/hard/crtn.o
                0x24080000                        _estack = (ORIGIN (RAM_D1) + LENGTH (RAM_D1))
                0x00000800                        _Min_Heap_Size = 0x800
                0x00000800                        _Min_Stack_Size = 0x800

.isr_vector     0x08000000      0x298
                0x08000000                        . = ALIGN (0x4)
 *(.isr_vector)
 .isr_vector    0x08000000      0x298 ./Core/Startup/startup_stm32h747xihx.o
                0x08000000                g_pfnVectors
                0x08000298                        . = ALIGN (0x4)

.text           0x080002a0     0xc654
                0x080002a0                        . = ALIGN (0x4)
 *(.text)
 .text          0x080002a0       0x40 C:/ST/STM32CubeIDE_1.19.0/STM32CubeIDE/plugins/com.st.stm32cube.ide.mcu.externaltools.gnu-tools-for-stm32.13.3.rel1.win32_1.0.0.202411081344/tools/bin/../lib/gcc/arm-none-eabi/13.3.1/thumb/v7e-m+dp/hard/crtbegin.o
 .text          0x080002e0       0xa0 C:/ST/STM32CubeIDE_1.19.0/STM32CubeIDE/plugins/com.st.stm32cube.ide.mcu.externaltools.gnu-tools-for-stm32.13.3.rel1.win32_1.0.0.202411081344/tools/bin/../lib/gcc/arm-none-eabi/13.3.1/../../../../arm-none-eabi/lib/thumb/v7e-m+dp/hard\libc_nano.a(libc_a-memchr.o)
                0x080002e0                memchr
 *(.text*)
 .text.SystemInit
                0x08000380      0x15c ./Common/Src/system_stm32h7xx_dualcore_boot_cm4_cm7.o
                0x08000380                SystemInit
 .text.ExitRun0Mode
                0x080004dc       0x30 ./Common/Src/system_stm32h7xx_dualcore_boot_cm4_cm7.o
                0x080004dc                ExitRun0Mode
 .text.main     0x0800050c      0x174 ./Core/Src/main.o
                0x0800050c                main
 .text.SystemClock_Config
                0x08000680       0xe4 ./Core/Src/main.o
                0x08000680                SystemClock_Config
 .text.PeriphCommonClock_Config
                0x08000764       0x6c ./Core/Src/main.o
                0x08000764                PeriphCommonClock_Config
 .text.MX_SAI4_Init
                0x080007d0      0x188 ./Core/Src/main.o
 .text.MX_BDMA_Init
                0x08000958       0x40 ./Core/Src/main.o
 .text.MX_GPIO_Init
                0x08000998       0x70 ./Core/Src/main.o
 .text.Error_Handler
                0x08000a08        0xc ./Core/Src/main.o
                0x08000a08                Error_Handler
 .text.HAL_MspInit
                0x08000a14       0x34 ./Core/Src/stm32h7xx_hal_msp.o
                0x08000a14                HAL_MspInit
 .text.HAL_SAI_MspInit
                0x08000a48      0x194 ./Core/Src/stm32h7xx_hal_msp.o
                0x08000a48                HAL_SAI_MspInit
 .text.NMI_Handler
                0x08000bdc        0x8 ./Core/Src/stm32h7xx_it.o
                0x08000bdc                NMI_Handler
 .text.HardFault_Handler
                0x08000be4        0x8 ./Core/Src/stm32h7xx_it.o
                0x08000be4                HardFault_Handler
 .text.MemManage_Handler
                0x08000bec        0x8 ./Core/Src/stm32h7xx_it.o
                0x08000bec                MemManage_Handler
 .text.BusFault_Handler
                0x08000bf4        0x8 ./Core/Src/stm32h7xx_it.o
                0x08000bf4                BusFault_Handler
 .text.UsageFault_Handler
                0x08000bfc        0x8 ./Core/Src/stm32h7xx_it.o
                0x08000bfc                UsageFault_Handler
 .text.SVC_Handler
                0x08000c04        0xe ./Core/Src/stm32h7xx_it.o
                0x08000c04                SVC_Handler
 .text.DebugMon_Handler
                0x08000c12        0xe ./Core/Src/stm32h7xx_it.o
                0x08000c12                DebugMon_Handler
 .text.PendSV_Handler
                0x08000c20        0xe ./Core/Src/stm32h7xx_it.o
                0x08000c20                PendSV_Handler
 .text.SysTick_Handler
                0x08000c2e        0xc ./Core/Src/stm32h7xx_it.o
                0x08000c2e                SysTick_Handler
 *fill*         0x08000c3a        0x2 
 .text.BDMA_Channel0_IRQHandler
                0x08000c3c       0x14 ./Core/Src/stm32h7xx_it.o
                0x08000c3c                BDMA_Channel0_IRQHandler
 .text._read    0x08000c50       0x3a ./Core/Src/syscalls.o
                0x08000c50                _read
 .text._write   0x08000c8a       0x38 ./Core/Src/syscalls.o
                0x08000c8a                _write
 .text._close   0x08000cc2       0x18 ./Core/Src/syscalls.o
                0x08000cc2                _close
 .text._fstat   0x08000cda       0x20 ./Core/Src/syscalls.o
                0x08000cda                _fstat
 .text._isatty  0x08000cfa       0x16 ./Core/Src/syscalls.o
                0x08000cfa                _isatty
 .text._lseek   0x08000d10       0x1a ./Core/Src/syscalls.o
                0x08000d10                _lseek
 *fill*         0x08000d2a        0x2 
 .text._sbrk    0x08000d2c       0x6c ./Core/Src/sysmem.o
                0x08000d2c                _sbrk
 .text.Reset_Handler
                0x08000d98       0x54 ./Core/Startup/startup_stm32h747xihx.o
                0x08000d98                Reset_Handler
 .text.Default_Handler
                0x08000dec        0x2 ./Core/Startup/startup_stm32h747xihx.o
                0x08000dec                RTC_Alarm_IRQHandler
                0x08000dec                EXTI2_IRQHandler
                0x08000dec                TIM8_CC_IRQHandler
                0x08000dec                HRTIM1_Master_IRQHandler
                0x08000dec                UART8_IRQHandler
                0x08000dec                SPI4_IRQHandler
                0x08000dec                TIM1_CC_IRQHandler
                0x08000dec                BDMA_Channel6_IRQHandler
                0x08000dec                DMA2_Stream5_IRQHandler
                0x08000dec                HRTIM1_FLT_IRQHandler
                0x08000dec                JPEG_IRQHandler
                0x08000dec                DMA1_Stream5_IRQHandler
                0x08000dec                BDMA_Channel1_IRQHandler
                0x08000dec                HRTIM1_TIMD_IRQHandler
                0x08000dec                TAMP_STAMP_IRQHandler
                0x08000dec                EXTI3_IRQHandler
                0x08000dec                LPTIM4_IRQHandler
                0x08000dec                TIM8_TRG_COM_TIM14_IRQHandler
                0x08000dec                LPTIM2_IRQHandler
                0x08000dec                DFSDM1_FLT1_IRQHandler
                0x08000dec                DMAMUX2_OVR_IRQHandler
                0x08000dec                TIM8_UP_TIM13_IRQHandler
                0x08000dec                I2C3_ER_IRQHandler
                0x08000dec                DFSDM1_FLT2_IRQHandler
                0x08000dec                MDMA_IRQHandler
                0x08000dec                LPTIM3_IRQHandler
                0x08000dec                HSEM1_IRQHandler
                0x08000dec                EXTI0_IRQHandler
                0x08000dec                I2C2_EV_IRQHandler
                0x08000dec                DMA1_Stream2_IRQHandler
                0x08000dec                FPU_IRQHandler
                0x08000dec                OTG_HS_WKUP_IRQHandler
                0x08000dec                FDCAN1_IT1_IRQHandler
                0x08000dec                LTDC_ER_IRQHandler
                0x08000dec                DMA2_Stream2_IRQHandler
                0x08000dec                HRTIM1_TIME_IRQHandler
                0x08000dec                SPI1_IRQHandler
                0x08000dec                TIM6_DAC_IRQHandler
                0x08000dec                DCMI_IRQHandler
                0x08000dec                HRTIM1_TIMC_IRQHandler
                0x08000dec                DMA2_Stream3_IRQHandler
                0x08000dec                SAI2_IRQHandler
                0x08000dec                DFSDM1_FLT3_IRQHandler
                0x08000dec                USART6_IRQHandler
                0x08000dec                TIM17_IRQHandler
                0x08000dec                USART3_IRQHandler
                0x08000dec                BDMA_Channel7_IRQHandler
                0x08000dec                LPTIM5_IRQHandler
                0x08000dec                UART5_IRQHandler
                0x08000dec                ADC3_IRQHandler
                0x08000dec                DMA2_Stream0_IRQHandler
                0x08000dec                TIM4_IRQHandler
                0x08000dec                BDMA_Channel2_IRQHandler
                0x08000dec                QUADSPI_IRQHandler
                0x08000dec                I2C1_EV_IRQHandler
                0x08000dec                DMA1_Stream6_IRQHandler
                0x08000dec                DMAMUX1_OVR_IRQHandler
                0x08000dec                DMA1_Stream1_IRQHandler
                0x08000dec                TIM16_IRQHandler
                0x08000dec                UART4_IRQHandler
                0x08000dec                BDMA_Channel5_IRQHandler
                0x08000dec                TIM3_IRQHandler
                0x08000dec                RCC_IRQHandler
                0x08000dec                TIM8_BRK_TIM12_IRQHandler
                0x08000dec                TIM1_TRG_COM_IRQHandler
                0x08000dec                Default_Handler
                0x08000dec                ECC_IRQHandler
                0x08000dec                CEC_IRQHandler
                0x08000dec                EXTI15_10_IRQHandler
                0x08000dec                ADC_IRQHandler
                0x08000dec                DMA1_Stream7_IRQHandler
                0x08000dec                HRTIM1_TIMA_IRQHandler
                0x08000dec                SPI5_IRQHandler
                0x08000dec                TIM7_IRQHandler
                0x08000dec                SDMMC1_IRQHandler
                0x08000dec                TIM5_IRQHandler
                0x08000dec                DMA2_Stream7_IRQHandler
                0x08000dec                TIM15_IRQHandler
                0x08000dec                PVD_AVD_IRQHandler
                0x08000dec                I2C3_EV_IRQHandler
                0x08000dec                EXTI9_5_IRQHandler
                0x08000dec                RTC_WKUP_IRQHandler
                0x08000dec                LTDC_IRQHandler
                0x08000dec                SAI3_IRQHandler
                0x08000dec                ETH_WKUP_IRQHandler
                0x08000dec                SPDIF_RX_IRQHandler
                0x08000dec                SPI2_IRQHandler
                0x08000dec                OTG_HS_EP1_IN_IRQHandler
                0x08000dec                DMA1_Stream0_IRQHandler
                0x08000dec                CRS_IRQHandler
                0x08000dec                CM7_SEV_IRQHandler
                0x08000dec                EXTI4_IRQHandler
                0x08000dec                RNG_IRQHandler
                0x08000dec                CM4_SEV_IRQHandler
                0x08000dec                HRTIM1_TIMB_IRQHandler
                0x08000dec                FDCAN2_IT1_IRQHandler
                0x08000dec                DSI_IRQHandler
                0x08000dec                ETH_IRQHandler
                0x08000dec                TIM1_UP_IRQHandler
                0x08000dec                WWDG_RST_IRQHandler
                0x08000dec                BDMA_Channel4_IRQHandler
                0x08000dec                OTG_HS_EP1_OUT_IRQHandler
                0x08000dec                WWDG_IRQHandler
                0x08000dec                SPI6_IRQHandler
                0x08000dec                MDIOS_IRQHandler
                0x08000dec                I2C4_EV_IRQHandler
                0x08000dec                FDCAN2_IT0_IRQHandler
                0x08000dec                LPUART1_IRQHandler
                0x08000dec                FDCAN1_IT0_IRQHandler
                0x08000dec                TIM2_IRQHandler
                0x08000dec                OTG_FS_WKUP_IRQHandler
                0x08000dec                OTG_HS_IRQHandler
                0x08000dec                HSEM2_IRQHandler
                0x08000dec                DMA2D_IRQHandler
                0x08000dec                TIM1_BRK_IRQHandler
                0x08000dec                EXTI1_IRQHandler
                0x08000dec                SDMMC2_IRQHandler
                0x08000dec                OTG_FS_EP1_OUT_IRQHandler
                0x08000dec                BDMA_Channel3_IRQHandler
                0x08000dec                HOLD_CORE_IRQHandler
                0x08000dec                UART7_IRQHandler
                0x08000dec                MDIOS_WKUP_IRQHandler
                0x08000dec                USART2_IRQHandler
                0x08000dec                DFSDM1_FLT0_IRQHandler
                0x08000dec                SAI4_IRQHandler
                0x08000dec                I2C2_ER_IRQHandler
                0x08000dec                DMA2_Stream1_IRQHandler
                0x08000dec                FLASH_IRQHandler
                0x08000dec                DMA2_Stream4_IRQHandler
                0x08000dec                USART1_IRQHandler
                0x08000dec                OTG_FS_IRQHandler
                0x08000dec                SPI3_IRQHandler
                0x08000dec                WAKEUP_PIN_IRQHandler
                0x08000dec                DMA1_Stream4_IRQHandler
                0x08000dec                OTG_FS_EP1_IN_IRQHandler
                0x08000dec                I2C1_ER_IRQHandler
                0x08000dec                FMC_IRQHandler
                0x08000dec                FDCAN_CAL_IRQHandler
                0x08000dec                SWPMI1_IRQHandler
                0x08000dec                COMP1_IRQHandler
                0x08000dec                LPTIM1_IRQHandler
                0x08000dec                I2C4_ER_IRQHandler
                0x08000dec                DMA2_Stream6_IRQHandler
                0x08000dec                SAI1_IRQHandler
                0x08000dec                DMA1_Stream3_IRQHandler
 *fill*         0x08000dee        0x2 
 .text.HAL_Init
                0x08000df0       0x78 ./Drivers/STM32H7xx_HAL_Driver/stm32h7xx_hal.o
                0x08000df0                HAL_Init
 .text.HAL_InitTick
                0x08000e68       0x6c ./Drivers/STM32H7xx_HAL_Driver/stm32h7xx_hal.o
                0x08000e68                HAL_InitTick
 .text.HAL_IncTick
                0x08000ed4       0x28 ./Drivers/STM32H7xx_HAL_Driver/stm32h7xx_hal.o
                0x08000ed4                HAL_IncTick
 .text.HAL_GetTick
                0x08000efc       0x18 ./Drivers/STM32H7xx_HAL_Driver/stm32h7xx_hal.o
                0x08000efc                HAL_GetTick
 .text.HAL_GetREVID
                0x08000f14       0x18 ./Drivers/STM32H7xx_HAL_Driver/stm32h7xx_hal.o
                0x08000f14                HAL_GetREVID
 .text.__NVIC_SetPriorityGrouping
                0x08000f2c       0x48 ./Drivers/STM32H7xx_HAL_Driver/stm32h7xx_hal_cortex.o
 .text.__NVIC_GetPriorityGrouping
                0x08000f74       0x1c ./Drivers/STM32H7xx_HAL_Driver/stm32h7xx_hal_cortex.o
 .text.__NVIC_EnableIRQ
                0x08000f90       0x3c ./Drivers/STM32H7xx_HAL_Driver/stm32h7xx_hal_cortex.o
 .text.__NVIC_SetPriority
                0x08000fcc       0x54 ./Drivers/STM32H7xx_HAL_Driver/stm32h7xx_hal_cortex.o
 .text.NVIC_EncodePriority
                0x08001020       0x66 ./Drivers/STM32H7xx_HAL_Driver/stm32h7xx_hal_cortex.o
 *fill*         0x08001086        0x2 
 .text.SysTick_Config
                0x08001088       0x44 ./Drivers/STM32H7xx_HAL_Driver/stm32h7xx_hal_cortex.o
 .text.HAL_NVIC_SetPriorityGrouping
                0x080010cc       0x16 ./Drivers/STM32H7xx_HAL_Driver/stm32h7xx_hal_cortex.o
                0x080010cc                HAL_NVIC_SetPriorityGrouping
 .text.HAL_NVIC_SetPriority
                0x080010e2       0x34 ./Drivers/STM32H7xx_HAL_Driver/stm32h7xx_hal_cortex.o
                0x080010e2                HAL_NVIC_SetPriority
 .text.HAL_NVIC_EnableIRQ
                0x08001116       0x1c ./Drivers/STM32H7xx_HAL_Driver/stm32h7xx_hal_cortex.o
                0x08001116                HAL_NVIC_EnableIRQ
 .text.HAL_SYSTICK_Config
                0x08001132       0x18 ./Drivers/STM32H7xx_HAL_Driver/stm32h7xx_hal_cortex.o
                0x08001132                HAL_SYSTICK_Config
 *fill*         0x0800114a        0x2 
 .text.HAL_DMA_Init
                0x0800114c      0x6b8 ./Drivers/STM32H7xx_HAL_Driver/stm32h7xx_hal_dma.o
                0x0800114c                HAL_DMA_Init
 .text.HAL_DMA_IRQHandler
                0x08001804      0xe54 ./Drivers/STM32H7xx_HAL_Driver/stm32h7xx_hal_dma.o
                0x08001804                HAL_DMA_IRQHandler
 .text.DMA_CalcBaseAndBitshift
                0x08002658      0x164 ./Drivers/STM32H7xx_HAL_Driver/stm32h7xx_hal_dma.o
 .text.DMA_CheckFifoParam
                0x080027bc       0xf8 ./Drivers/STM32H7xx_HAL_Driver/stm32h7xx_hal_dma.o
 .text.DMA_CalcDMAMUXChannelBaseAndMask
                0x080028b4      0x134 ./Drivers/STM32H7xx_HAL_Driver/stm32h7xx_hal_dma.o
 .text.DMA_CalcDMAMUXRequestGenBaseAndMask
                0x080029e8       0xe8 ./Drivers/STM32H7xx_HAL_Driver/stm32h7xx_hal_dma.o
 .text.HAL_GPIO_Init
                0x08002ad0      0x360 ./Drivers/STM32H7xx_HAL_Driver/stm32h7xx_hal_gpio.o
                0x08002ad0                HAL_GPIO_Init
 .text.HAL_HSEM_FastTake
                0x08002e30       0x34 ./Drivers/STM32H7xx_HAL_Driver/stm32h7xx_hal_hsem.o
                0x08002e30                HAL_HSEM_FastTake
 .text.HAL_HSEM_Release
                0x08002e64       0x28 ./Drivers/STM32H7xx_HAL_Driver/stm32h7xx_hal_hsem.o
                0x08002e64                HAL_HSEM_Release
 .text.HAL_PWREx_ConfigSupply
                0x08002e8c       0xb4 ./Drivers/STM32H7xx_HAL_Driver/stm32h7xx_hal_pwr_ex.o
                0x08002e8c                HAL_PWREx_ConfigSupply
 .text.HAL_RCC_OscConfig
                0x08002f40      0x8b4 ./Drivers/STM32H7xx_HAL_Driver/stm32h7xx_hal_rcc.o
                0x08002f40                HAL_RCC_OscConfig
 .text.HAL_RCC_ClockConfig
                0x080037f4      0x36c ./Drivers/STM32H7xx_HAL_Driver/stm32h7xx_hal_rcc.o
                0x080037f4                HAL_RCC_ClockConfig
 .text.HAL_RCC_GetSysClockFreq
                0x08003b60      0x2f4 ./Drivers/STM32H7xx_HAL_Driver/stm32h7xx_hal_rcc.o
                0x08003b60                HAL_RCC_GetSysClockFreq
 .text.HAL_RCC_GetHCLKFreq
                0x08003e54       0x60 ./Drivers/STM32H7xx_HAL_Driver/stm32h7xx_hal_rcc.o
                0x08003e54                HAL_RCC_GetHCLKFreq
 .text.HAL_RCC_GetPCLK1Freq
                0x08003eb4       0x2c ./Drivers/STM32H7xx_HAL_Driver/stm32h7xx_hal_rcc.o
                0x08003eb4                HAL_RCC_GetPCLK1Freq
 .text.HAL_RCCEx_PeriphCLKConfig
                0x08003ee0     0x1494 ./Drivers/STM32H7xx_HAL_Driver/stm32h7xx_hal_rcc_ex.o
                0x08003ee0                HAL_RCCEx_PeriphCLKConfig
 .text.HAL_RCCEx_GetPeriphCLKFreq
                0x08005374      0xb00 ./Drivers/STM32H7xx_HAL_Driver/stm32h7xx_hal_rcc_ex.o
                0x08005374                HAL_RCCEx_GetPeriphCLKFreq
 .text.HAL_RCCEx_GetD3PCLK1Freq
                0x08005e74       0x2c ./Drivers/STM32H7xx_HAL_Driver/stm32h7xx_hal_rcc_ex.o
                0x08005e74                HAL_RCCEx_GetD3PCLK1Freq
 .text.HAL_RCCEx_GetPLL2ClockFreq
                0x08005ea0      0x2a8 ./Drivers/STM32H7xx_HAL_Driver/stm32h7xx_hal_rcc_ex.o
                0x08005ea0                HAL_RCCEx_GetPLL2ClockFreq
 .text.HAL_RCCEx_GetPLL3ClockFreq
                0x08006148      0x2a8 ./Drivers/STM32H7xx_HAL_Driver/stm32h7xx_hal_rcc_ex.o
                0x08006148                HAL_RCCEx_GetPLL3ClockFreq
 .text.HAL_RCCEx_GetPLL1ClockFreq
                0x080063f0      0x2a4 ./Drivers/STM32H7xx_HAL_Driver/stm32h7xx_hal_rcc_ex.o
                0x080063f0                HAL_RCCEx_GetPLL1ClockFreq
 .text.RCCEx_PLL2_Config
                0x08006694      0x164 ./Drivers/STM32H7xx_HAL_Driver/stm32h7xx_hal_rcc_ex.o
 .text.RCCEx_PLL3_Config
                0x080067f8      0x164 ./Drivers/STM32H7xx_HAL_Driver/stm32h7xx_hal_rcc_ex.o
 .text.HAL_SAI_Init
                0x0800695c      0x554 ./Drivers/STM32H7xx_HAL_Driver/stm32h7xx_hal_sai.o
                0x0800695c                HAL_SAI_Init
 .text.SAI_Disable
                0x08006eb0       0x74 ./Drivers/STM32H7xx_HAL_Driver/stm32h7xx_hal_sai.o
 .text.ai_log_err
                0x08006f24       0x44 ./X-CUBE-AI/App/app_x-cube-ai.o
 .text.ai_boostrap
                0x08006f68       0xc8 ./X-CUBE-AI/App/app_x-cube-ai.o
 .text.ai_run   0x08007030       0x54 ./X-CUBE-AI/App/app_x-cube-ai.o
 .text.acquire_and_process_data
                0x08007084       0x16 ./X-CUBE-AI/App/app_x-cube-ai.o
                0x08007084                acquire_and_process_data
 .text.post_process
                0x0800709a       0x16 ./X-CUBE-AI/App/app_x-cube-ai.o
                0x0800709a                post_process
 .text.MX_X_CUBE_AI_Init
                0x080070b0       0x1c ./X-CUBE-AI/App/app_x-cube-ai.o
                0x080070b0                MX_X_CUBE_AI_Init
 .text.MX_X_CUBE_AI_Process
                0x080070cc       0x7c ./X-CUBE-AI/App/app_x-cube-ai.o
                0x080070cc                MX_X_CUBE_AI_Process
 .text.tinycnnbuow_configure_activations
                0x08007148      0x2bc ./X-CUBE-AI/App/tinycnnbuow.o
 .text.tinycnnbuow_configure_weights
                0x08007404      0x1cc ./X-CUBE-AI/App/tinycnnbuow.o
 .text.ai_tinycnnbuow_get_error
                0x080075d0       0x18 ./X-CUBE-AI/App/tinycnnbuow.o
                0x080075d0                ai_tinycnnbuow_get_error
 .text.ai_tinycnnbuow_create
                0x080075e8       0x2c ./X-CUBE-AI/App/tinycnnbuow.o
                0x080075e8                ai_tinycnnbuow_create
 .text.ai_tinycnnbuow_create_and_init
                0x08007614       0xfc ./X-CUBE-AI/App/tinycnnbuow.o
                0x08007614                ai_tinycnnbuow_create_and_init
 .text.ai_tinycnnbuow_inputs_get
                0x08007710       0x34 ./X-CUBE-AI/App/tinycnnbuow.o
                0x08007710                ai_tinycnnbuow_inputs_get
 .text.ai_tinycnnbuow_outputs_get
                0x08007744       0x34 ./X-CUBE-AI/App/tinycnnbuow.o
                0x08007744                ai_tinycnnbuow_outputs_get
 .text.ai_tinycnnbuow_init
                0x08007778       0x78 ./X-CUBE-AI/App/tinycnnbuow.o
                0x08007778                ai_tinycnnbuow_init
 .text.ai_tinycnnbuow_run
                0x080077f0       0x20 ./X-CUBE-AI/App/tinycnnbuow.o
                0x080077f0                ai_tinycnnbuow_run
 .text.ai_tinycnnbuow_data_params_get
                0x08007810       0x50 ./X-CUBE-AI/App/tinycnnbuow_data.o
                0x08007810                ai_tinycnnbuow_data_params_get
 .text.ai_buffer_get_size
                0x08007860       0x60 ../../Middlewares/ST/AI/Lib\NetworkRuntime1010_CM7_GCC.a(ai_platform.o)
                0x08007860                ai_buffer_get_size
 .text.ai_buffer_array_sane
                0x080078c0       0x14 ../../Middlewares/ST/AI/Lib\NetworkRuntime1010_CM7_GCC.a(ai_platform.o)
                0x080078c0                ai_buffer_array_sane
 .text.ai_buffer_array_item_set_address
                0x080078d4       0x1c ../../Middlewares/ST/AI/Lib\NetworkRuntime1010_CM7_GCC.a(ai_platform.o)
                0x080078d4                ai_buffer_array_item_set_address
 .text.ai_platform_get_weights_map
                0x080078f0       0xb0 ../../Middlewares/ST/AI/Lib\NetworkRuntime1010_CM7_GCC.a(ai_platform_interface.o)
                0x080078f0                ai_platform_get_weights_map
 .text.ai_platform_get_activations_map
                0x080079a0       0xb4 ../../Middlewares/ST/AI/Lib\NetworkRuntime1010_CM7_GCC.a(ai_platform_interface.o)
                0x080079a0                ai_platform_get_activations_map
 .text.ai_platform_bind_network_params
                0x08007a54       0x34 ../../Middlewares/ST/AI/Lib\NetworkRuntime1010_CM7_GCC.a(ai_platform_interface.o)
                0x08007a54                ai_platform_bind_network_params
 .text.ai_platform_network_get_error
                0x08007a88       0x18 ../../Middlewares/ST/AI/Lib\NetworkRuntime1010_CM7_GCC.a(ai_platform_interface.o)
                0x08007a88                ai_platform_network_get_error
 .text.ai_platform_network_set_error
                0x08007aa0        0xc ../../Middlewares/ST/AI/Lib\NetworkRuntime1010_CM7_GCC.a(ai_platform_interface.o)
                0x08007aa0                ai_platform_network_set_error
 .text.ai_platform_inputs_get
                0x08007aac       0xf4 ../../Middlewares/ST/AI/Lib\NetworkRuntime1010_CM7_GCC.a(ai_platform_interface.o)
                0x08007aac                ai_platform_inputs_get
 .text.ai_platform_outputs_get
                0x08007ba0       0xec ../../Middlewares/ST/AI/Lib\NetworkRuntime1010_CM7_GCC.a(ai_platform_interface.o)
                0x08007ba0                ai_platform_outputs_get
 .text.ai_platform_network_create
                0x08007c8c       0x84 ../../Middlewares/ST/AI/Lib\NetworkRuntime1010_CM7_GCC.a(ai_platform_interface.o)
                0x08007c8c                ai_platform_network_create
 .text.ai_platform_network_init
                0x08007d10      0x144 ../../Middlewares/ST/AI/Lib\NetworkRuntime1010_CM7_GCC.a(ai_platform_interface.o)
                0x08007d10                ai_platform_network_init
 .text.ai_platform_network_post_init
                0x08007e54       0x58 ../../Middlewares/ST/AI/Lib\NetworkRuntime1010_CM7_GCC.a(ai_platform_interface.o)
                0x08007e54                ai_platform_network_post_init
 .text.ai_platform_network_process
                0x08007eac      0x44c ../../Middlewares/ST/AI/Lib\NetworkRuntime1010_CM7_GCC.a(ai_platform_interface.o)
                0x08007eac                ai_platform_network_process
 .text.core_init
                0x080082f8        0x4 ../../Middlewares/ST/AI/Lib\NetworkRuntime1010_CM7_GCC.a(core_common.o)
                0x080082f8                core_init
 .text.core_get_error
                0x080082fc        0xc ../../Middlewares/ST/AI/Lib\NetworkRuntime1010_CM7_GCC.a(core_common.o)
                0x080082fc                core_get_error
 .text.core_set_error
                0x08008308       0x18 ../../Middlewares/ST/AI/Lib\NetworkRuntime1010_CM7_GCC.a(core_common.o)
                0x08008308                core_set_error
 .text.ai_check_custom_types
                0x08008320       0x50 ../../Middlewares/ST/AI/Lib\NetworkRuntime1010_CM7_GCC.a(layers.o)
                0x08008320                ai_check_custom_types
 .text.ai_layers_init_all
                0x08008370       0x20 ../../Middlewares/ST/AI/Lib\NetworkRuntime1010_CM7_GCC.a(layers.o)
                0x08008370                ai_layers_init_all
 .text.ai_layers_post_init_all
                0x08008390       0x30 ../../Middlewares/ST/AI/Lib\NetworkRuntime1010_CM7_GCC.a(layers.o)
                0x08008390                ai_layers_post_init_all
 .text.ai_layers_forward_all
                0x080083c0       0x90 ../../Middlewares/ST/AI/Lib\NetworkRuntime1010_CM7_GCC.a(layers.o)
                0x080083c0                ai_layers_forward_all
 .text.forward_conv2d_if32of32wf32
                0x08008450      0x1c8 ../../Middlewares/ST/AI/Lib\NetworkRuntime1010_CM7_GCC.a(layers_conv2d_generic_float.o)
                0x08008450                forward_conv2d_if32of32wf32
 .text.forward_conv2d_if32of32wf32_nl_pool
                0x08008618      0x2d4 ../../Middlewares/ST/AI/Lib\NetworkRuntime1010_CM7_GCC.a(layers_conv2d_generic_float.o)
                0x08008618                forward_conv2d_if32of32wf32_nl_pool
 .text.forward_dense
                0x080088ec      0x100 ../../Middlewares/ST/AI/Lib\NetworkRuntime1010_CM7_GCC.a(layers_conv2d_generic_float.o)
                0x080088ec                forward_dense
 .text.forward_pad
                0x080089ec       0x20 ../../Middlewares/ST/AI/Lib\NetworkRuntime1010_CM7_GCC.a(layers_generic_float.o)
                0x080089ec                forward_pad
 .text.forward_transpose
                0x08008a0c      0x170 ../../Middlewares/ST/AI/Lib\NetworkRuntime1010_CM7_GCC.a(layers_generic_float.o)
                0x08008a0c                forward_transpose
 .text.forward_reduce
                0x08008b7c      0x128 ../../Middlewares/ST/AI/Lib\NetworkRuntime1010_CM7_GCC.a(layers_generic_float.o)
                0x08008b7c                forward_reduce
 .text.forward_relu
                0x08008ca4      0x12c ../../Middlewares/ST/AI/Lib\NetworkRuntime1010_CM7_GCC.a(layers_nl_generic_float.o)
                0x08008ca4                forward_relu
 .text.forward_bn
                0x08008dd0       0x8c ../../Middlewares/ST/AI/Lib\NetworkRuntime1010_CM7_GCC.a(layers_norm_generic_float.o)
                0x08008dd0                forward_bn
 .text.forward_pad_8bit_ch1st_3x3_constant
                0x08008e5c       0x94 ../../Middlewares/ST/AI/Lib\NetworkRuntime1010_CM7_GCC.a(layers_pad_generic.o)
                0x08008e5c                forward_pad_8bit_ch1st_3x3_constant
 .text.forward_pad_constant
                0x08008ef0       0x8c ../../Middlewares/ST/AI/Lib\NetworkRuntime1010_CM7_GCC.a(layers_pad_generic.o)
                0x08008ef0                forward_pad_constant
 .text.forward_pad_edge
                0x08008f7c       0x80 ../../Middlewares/ST/AI/Lib\NetworkRuntime1010_CM7_GCC.a(layers_pad_generic.o)
                0x08008f7c                forward_pad_edge
 .text.forward_pad_reflect
                0x08008ffc       0xa0 ../../Middlewares/ST/AI/Lib\NetworkRuntime1010_CM7_GCC.a(layers_pad_generic.o)
                0x08008ffc                forward_pad_reflect
 .text.forward_lite_conv2d_if32of32wf32
                0x0800909c      0x5b0 ../../Middlewares/ST/AI/Lib\NetworkRuntime1010_CM7_GCC.a(forward_lite_conv2d_if32of32wf32.o)
                0x0800909c                forward_lite_conv2d_if32of32wf32
 .text.forward_lite_conv2d_if32of32wf32_pool
                0x0800964c      0x834 ../../Middlewares/ST/AI/Lib\NetworkRuntime1010_CM7_GCC.a(forward_lite_conv2d_if32of32wf32.o)
                0x0800964c                forward_lite_conv2d_if32of32wf32_pool
 .text.forward_lite_nl_relu_generic_if32of32_kernel
                0x08009e80       0xec ../../Middlewares/ST/AI/Lib\NetworkRuntime1010_CM7_GCC.a(lite_nl_relu_if32of32.o)
                0x08009e80                forward_lite_nl_relu_generic_if32of32_kernel
 .text.pool_func_mp_array_f32
                0x08009f6c      0x424 ../../Middlewares/ST/AI/Lib\NetworkRuntime1010_CM7_GCC.a(forward_lite_pool_f32.o)
                0x08009f6c                pool_func_mp_array_f32
 .text.forward_lite_bn_if32of32wf32
                0x0800a390       0x1c ../../Middlewares/ST/AI/Lib\NetworkRuntime1010_CM7_GCC.a(lite_bn_f32.o)
                0x0800a390                forward_lite_bn_if32of32wf32
 .text.lite_decompress_ilutof32
                0x0800a3ac       0xac ../../Middlewares/ST/AI/Lib\NetworkRuntime1010_CM7_GCC.a(lite_dense_if32.o)
                0x0800a3ac                lite_decompress_ilutof32
 .text.forward_lite_dense_if32of32wf32
                0x0800a458      0x2b4 ../../Middlewares/ST/AI/Lib\NetworkRuntime1010_CM7_GCC.a(lite_dense_if32.o)
                0x0800a458                forward_lite_dense_if32of32wf32
 .text.forward_lite_dense_if32of32wf32_lut4
                0x0800a70c      0x290 ../../Middlewares/ST/AI/Lib\NetworkRuntime1010_CM7_GCC.a(lite_dense_if32.o)
                0x0800a70c                forward_lite_dense_if32of32wf32_lut4
 .text.forward_lite_dense_if32of32wf32_lut8
                0x0800a99c      0x594 ../../Middlewares/ST/AI/Lib\NetworkRuntime1010_CM7_GCC.a(lite_dense_if32.o)
                0x0800a99c                forward_lite_dense_if32of32wf32_lut8
 .text.forward_lite_nl_relu_if32of32
                0x0800af30       0x38 ../../Middlewares/ST/AI/Lib\NetworkRuntime1010_CM7_GCC.a(lite_nl_generic_float.o)
                0x0800af30                forward_lite_nl_relu_if32of32
 .text.forward_lite_pad_8bit_ch1st_3x3_constant_P0022
                0x0800af68       0x60 ../../Middlewares/ST/AI/Lib\NetworkRuntime1010_CM7_GCC.a(forward_lite_pad_generic.o)
                0x0800af68                forward_lite_pad_8bit_ch1st_3x3_constant_P0022
 .text.forward_lite_pad_8bit_ch1st_3x3_constant_P1111
                0x0800afc8      0x190 ../../Middlewares/ST/AI/Lib\NetworkRuntime1010_CM7_GCC.a(forward_lite_pad_generic.o)
                0x0800afc8                forward_lite_pad_8bit_ch1st_3x3_constant_P1111
 .text.forward_lite_pad_constant
                0x0800b158      0x138 ../../Middlewares/ST/AI/Lib\NetworkRuntime1010_CM7_GCC.a(forward_lite_pad_generic.o)
                0x0800b158                forward_lite_pad_constant
 .text.forward_lite_pad_edge
                0x0800b290       0xe0 ../../Middlewares/ST/AI/Lib\NetworkRuntime1010_CM7_GCC.a(forward_lite_pad_generic.o)
                0x0800b290                forward_lite_pad_edge
 .text.forward_lite_pad_reflect
                0x0800b370      0x14c ../../Middlewares/ST/AI/Lib\NetworkRuntime1010_CM7_GCC.a(forward_lite_pad_generic.o)
                0x0800b370                forward_lite_pad_reflect
 .text.st_int8_copy
                0x0800b4bc      0x150 ../../Middlewares/ST/AI/Lib\NetworkRuntime1010_CM7_GCC.a(st_int8_fill.o)
                0x0800b4bc                st_int8_copy
 .text.st_int8_fill
                0x0800b60c       0x80 ../../Middlewares/ST/AI/Lib\NetworkRuntime1010_CM7_GCC.a(st_int8_fill.o)
                0x0800b60c                st_int8_fill
 .text.ai_sum   0x0800b68c       0x14 ../../Middlewares/ST/AI/Lib\NetworkRuntime1010_CM7_GCC.a(ai_math_helpers.o)
                0x0800b68c                ai_sum
 .text.ai_array_to_buffer_fmt
                0x0800b6a0       0xe0 ../../Middlewares/ST/AI/Lib\NetworkRuntime1010_CM7_GCC.a(ai_datatypes_format.o)
                0x0800b6a0                ai_array_to_buffer_fmt
 .text.ai_array_get_byte_size
                0x0800b780       0x44 ../../Middlewares/ST/AI/Lib\NetworkRuntime1010_CM7_GCC.a(ai_datatypes_format.o)
                0x0800b780                ai_array_get_byte_size
 .text.ai_array_get_data_byte_size
                0x0800b7c4       0x20 ../../Middlewares/ST/AI/Lib\NetworkRuntime1010_CM7_GCC.a(ai_datatypes_format.o)
                0x0800b7c4                ai_array_get_data_byte_size
 .text.ai_version_get
                0x0800b7e4        0xc ../../Middlewares/ST/AI/Lib\NetworkRuntime1010_CM7_GCC.a(ai_datatypes_internal.o)
                0x0800b7e4                ai_version_get
 .text.get_tensor_byte_size
                0x0800b7f0       0x2c ../../Middlewares/ST/AI/Lib\NetworkRuntime1010_CM7_GCC.a(ai_datatypes_internal.o)
                0x0800b7f0                get_tensor_byte_size
 .text.core_compute_offsets
                0x0800b81c      0x11c ../../Middlewares/ST/AI/Lib\NetworkRuntime1010_CM7_GCC.a(core_utils.o)
                0x0800b81c                core_compute_offsets
 .text.bnl_kernel_if32of32
                0x0800b938       0x8c ../../Middlewares/ST/AI/Lib\NetworkRuntime1010_CM7_GCC.a(forward_lite_bn_internal.o)
                0x0800b938                bnl_kernel_if32of32
 .text.sbrk_aligned
                0x0800b9c4       0x44 C:/ST/STM32CubeIDE_1.19.0/STM32CubeIDE/plugins/com.st.stm32cube.ide.mcu.externaltools.gnu-tools-for-stm32.13.3.rel1.win32_1.0.0.202411081344/tools/bin/../lib/gcc/arm-none-eabi/13.3.1/../../../../arm-none-eabi/lib/thumb/v7e-m+dp/hard\libc_nano.a(libc_a-mallocr.o)
 .text._malloc_r
                0x0800ba08      0x100 C:/ST/STM32CubeIDE_1.19.0/STM32CubeIDE/plugins/com.st.stm32cube.ide.mcu.externaltools.gnu-tools-for-stm32.13.3.rel1.win32_1.0.0.202411081344/tools/bin/../lib/gcc/arm-none-eabi/13.3.1/../../../../arm-none-eabi/lib/thumb/v7e-m+dp/hard\libc_nano.a(libc_a-mallocr.o)
                0x0800ba08                _malloc_r
 .text.__malloc_lock
                0x0800bb08        0xc C:/ST/STM32CubeIDE_1.19.0/STM32CubeIDE/plugins/com.st.stm32cube.ide.mcu.externaltools.gnu-tools-for-stm32.13.3.rel1.win32_1.0.0.202411081344/tools/bin/../lib/gcc/arm-none-eabi/13.3.1/../../../../arm-none-eabi/lib/thumb/v7e-m+dp/hard\libc_nano.a(libc_a-mlock.o)
                0x0800bb08                __malloc_lock
 .text.__malloc_unlock
                0x0800bb14        0xc C:/ST/STM32CubeIDE_1.19.0/STM32CubeIDE/plugins/com.st.stm32cube.ide.mcu.externaltools.gnu-tools-for-stm32.13.3.rel1.win32_1.0.0.202411081344/tools/bin/../lib/gcc/arm-none-eabi/13.3.1/../../../../arm-none-eabi/lib/thumb/v7e-m+dp/hard\libc_nano.a(libc_a-mlock.o)
                0x0800bb14                __malloc_unlock
 .text.std      0x0800bb20       0x6c C:/ST/STM32CubeIDE_1.19.0/STM32CubeIDE/plugins/com.st.stm32cube.ide.mcu.externaltools.gnu-tools-for-stm32.13.3.rel1.win32_1.0.0.202411081344/tools/bin/../lib/gcc/arm-none-eabi/13.3.1/../../../../arm-none-eabi/lib/thumb/v7e-m+dp/hard\libc_nano.a(libc_a-findfp.o)
 .text.stdio_exit_handler
                0x0800bb8c       0x18 C:/ST/STM32CubeIDE_1.19.0/STM32CubeIDE/plugins/com.st.stm32cube.ide.mcu.externaltools.gnu-tools-for-stm32.13.3.rel1.win32_1.0.0.202411081344/tools/bin/../lib/gcc/arm-none-eabi/13.3.1/../../../../arm-none-eabi/lib/thumb/v7e-m+dp/hard\libc_nano.a(libc_a-findfp.o)
 .text.cleanup_stdio
                0x0800bba4       0x40 C:/ST/STM32CubeIDE_1.19.0/STM32CubeIDE/plugins/com.st.stm32cube.ide.mcu.externaltools.gnu-tools-for-stm32.13.3.rel1.win32_1.0.0.202411081344/tools/bin/../lib/gcc/arm-none-eabi/13.3.1/../../../../arm-none-eabi/lib/thumb/v7e-m+dp/hard\libc_nano.a(libc_a-findfp.o)
 .text.global_stdio_init.part.0
                0x0800bbe4       0x3c C:/ST/STM32CubeIDE_1.19.0/STM32CubeIDE/plugins/com.st.stm32cube.ide.mcu.externaltools.gnu-tools-for-stm32.13.3.rel1.win32_1.0.0.202411081344/tools/bin/../lib/gcc/arm-none-eabi/13.3.1/../../../../arm-none-eabi/lib/thumb/v7e-m+dp/hard\libc_nano.a(libc_a-findfp.o)
 .text.__sfp_lock_acquire
                0x0800bc20        0xc C:/ST/STM32CubeIDE_1.19.0/STM32CubeIDE/plugins/com.st.stm32cube.ide.mcu.externaltools.gnu-tools-for-stm32.13.3.rel1.win32_1.0.0.202411081344/tools/bin/../lib/gcc/arm-none-eabi/13.3.1/../../../../arm-none-eabi/lib/thumb/v7e-m+dp/hard\libc_nano.a(libc_a-findfp.o)
                0x0800bc20                __sfp_lock_acquire
 .text.__sfp_lock_release
                0x0800bc2c        0xc C:/ST/STM32CubeIDE_1.19.0/STM32CubeIDE/plugins/com.st.stm32cube.ide.mcu.externaltools.gnu-tools-for-stm32.13.3.rel1.win32_1.0.0.202411081344/tools/bin/../lib/gcc/arm-none-eabi/13.3.1/../../../../arm-none-eabi/lib/thumb/v7e-m+dp/hard\libc_nano.a(libc_a-findfp.o)
                0x0800bc2c                __sfp_lock_release
 .text.__sinit  0x0800bc38       0x30 C:/ST/STM32CubeIDE_1.19.0/STM32CubeIDE/plugins/com.st.stm32cube.ide.mcu.externaltools.gnu-tools-for-stm32.13.3.rel1.win32_1.0.0.202411081344/tools/bin/../lib/gcc/arm-none-eabi/13.3.1/../../../../arm-none-eabi/lib/thumb/v7e-m+dp/hard\libc_nano.a(libc_a-findfp.o)
                0x0800bc38                __sinit
 .text._fwalk_sglue
                0x0800bc68       0x3c C:/ST/STM32CubeIDE_1.19.0/STM32CubeIDE/plugins/com.st.stm32cube.ide.mcu.externaltools.gnu-tools-for-stm32.13.3.rel1.win32_1.0.0.202411081344/tools/bin/../lib/gcc/arm-none-eabi/13.3.1/../../../../arm-none-eabi/lib/thumb/v7e-m+dp/hard\libc_nano.a(libc_a-fwalk.o)
                0x0800bc68                _fwalk_sglue
 .text.printf   0x0800bca4       0x24 C:/ST/STM32CubeIDE_1.19.0/STM32CubeIDE/plugins/com.st.stm32cube.ide.mcu.externaltools.gnu-tools-for-stm32.13.3.rel1.win32_1.0.0.202411081344/tools/bin/../lib/gcc/arm-none-eabi/13.3.1/../../../../arm-none-eabi/lib/thumb/v7e-m+dp/hard\libc_nano.a(libc_a-printf.o)
                0x0800bca4                iprintf
                0x0800bca4                printf
 .text._puts_r  0x0800bcc8       0xaa C:/ST/STM32CubeIDE_1.19.0/STM32CubeIDE/plugins/com.st.stm32cube.ide.mcu.externaltools.gnu-tools-for-stm32.13.3.rel1.win32_1.0.0.202411081344/tools/bin/../lib/gcc/arm-none-eabi/13.3.1/../../../../arm-none-eabi/lib/thumb/v7e-m+dp/hard\libc_nano.a(libc_a-puts.o)
                0x0800bcc8                _puts_r
 *fill*         0x0800bd72        0x2 
 .text.puts     0x0800bd74       0x10 C:/ST/STM32CubeIDE_1.19.0/STM32CubeIDE/plugins/com.st.stm32cube.ide.mcu.externaltools.gnu-tools-for-stm32.13.3.rel1.win32_1.0.0.202411081344/tools/bin/../lib/gcc/arm-none-eabi/13.3.1/../../../../arm-none-eabi/lib/thumb/v7e-m+dp/hard\libc_nano.a(libc_a-puts.o)
                0x0800bd74                puts
 .text.__sread  0x0800bd84       0x22 C:/ST/STM32CubeIDE_1.19.0/STM32CubeIDE/plugins/com.st.stm32cube.ide.mcu.externaltools.gnu-tools-for-stm32.13.3.rel1.win32_1.0.0.202411081344/tools/bin/../lib/gcc/arm-none-eabi/13.3.1/../../../../arm-none-eabi/lib/thumb/v7e-m+dp/hard\libc_nano.a(libc_a-stdio.o)
                0x0800bd84                __sread
 .text.__swrite
                0x0800bda6       0x38 C:/ST/STM32CubeIDE_1.19.0/STM32CubeIDE/plugins/com.st.stm32cube.ide.mcu.externaltools.gnu-tools-for-stm32.13.3.rel1.win32_1.0.0.202411081344/tools/bin/../lib/gcc/arm-none-eabi/13.3.1/../../../../arm-none-eabi/lib/thumb/v7e-m+dp/hard\libc_nano.a(libc_a-stdio.o)
                0x0800bda6                __swrite
 .text.__sseek  0x0800bdde       0x24 C:/ST/STM32CubeIDE_1.19.0/STM32CubeIDE/plugins/com.st.stm32cube.ide.mcu.externaltools.gnu-tools-for-stm32.13.3.rel1.win32_1.0.0.202411081344/tools/bin/../lib/gcc/arm-none-eabi/13.3.1/../../../../arm-none-eabi/lib/thumb/v7e-m+dp/hard\libc_nano.a(libc_a-stdio.o)
                0x0800bdde                __sseek
 .text.__sclose
                0x0800be02        0x8 C:/ST/STM32CubeIDE_1.19.0/STM32CubeIDE/plugins/com.st.stm32cube.ide.mcu.externaltools.gnu-tools-for-stm32.13.3.rel1.win32_1.0.0.202411081344/tools/bin/../lib/gcc/arm-none-eabi/13.3.1/../../../../arm-none-eabi/lib/thumb/v7e-m+dp/hard\libc_nano.a(libc_a-stdio.o)
                0x0800be02                __sclose
 .text.__swbuf_r
                0x0800be0a       0x7c C:/ST/STM32CubeIDE_1.19.0/STM32CubeIDE/plugins/com.st.stm32cube.ide.mcu.externaltools.gnu-tools-for-stm32.13.3.rel1.win32_1.0.0.202411081344/tools/bin/../lib/gcc/arm-none-eabi/13.3.1/../../../../arm-none-eabi/lib/thumb/v7e-m+dp/hard\libc_nano.a(libc_a-wbuf.o)
                0x0800be0a                __swbuf_r
 *fill*         0x0800be86        0x2 
 .text.__swsetup_r
                0x0800be88       0xac C:/ST/STM32CubeIDE_1.19.0/STM32CubeIDE/plugins/com.st.stm32cube.ide.mcu.externaltools.gnu-tools-for-stm32.13.3.rel1.win32_1.0.0.202411081344/tools/bin/../lib/gcc/arm-none-eabi/13.3.1/../../../../arm-none-eabi/lib/thumb/v7e-m+dp/hard\libc_nano.a(libc_a-wsetup.o)
                0x0800be88                __swsetup_r
 .text.memset   0x0800bf34       0x10 C:/ST/STM32CubeIDE_1.19.0/STM32CubeIDE/plugins/com.st.stm32cube.ide.mcu.externaltools.gnu-tools-for-stm32.13.3.rel1.win32_1.0.0.202411081344/tools/bin/../lib/gcc/arm-none-eabi/13.3.1/../../../../arm-none-eabi/lib/thumb/v7e-m+dp/hard\libc_nano.a(libc_a-memset.o)
                0x0800bf34                memset
 .text._close_r
                0x0800bf44       0x20 C:/ST/STM32CubeIDE_1.19.0/STM32CubeIDE/plugins/com.st.stm32cube.ide.mcu.externaltools.gnu-tools-for-stm32.13.3.rel1.win32_1.0.0.202411081344/tools/bin/../lib/gcc/arm-none-eabi/13.3.1/../../../../arm-none-eabi/lib/thumb/v7e-m+dp/hard\libc_nano.a(libc_a-closer.o)
                0x0800bf44                _close_r
 .text._lseek_r
                0x0800bf64       0x24 C:/ST/STM32CubeIDE_1.19.0/STM32CubeIDE/plugins/com.st.stm32cube.ide.mcu.externaltools.gnu-tools-for-stm32.13.3.rel1.win32_1.0.0.202411081344/tools/bin/../lib/gcc/arm-none-eabi/13.3.1/../../../../arm-none-eabi/lib/thumb/v7e-m+dp/hard\libc_nano.a(libc_a-lseekr.o)
                0x0800bf64                _lseek_r
 .text._read_r  0x0800bf88       0x24 C:/ST/STM32CubeIDE_1.19.0/STM32CubeIDE/plugins/com.st.stm32cube.ide.mcu.externaltools.gnu-tools-for-stm32.13.3.rel1.win32_1.0.0.202411081344/tools/bin/../lib/gcc/arm-none-eabi/13.3.1/../../../../arm-none-eabi/lib/thumb/v7e-m+dp/hard\libc_nano.a(libc_a-readr.o)
                0x0800bf88                _read_r
 .text._sbrk_r  0x0800bfac       0x20 C:/ST/STM32CubeIDE_1.19.0/STM32CubeIDE/plugins/com.st.stm32cube.ide.mcu.externaltools.gnu-tools-for-stm32.13.3.rel1.win32_1.0.0.202411081344/tools/bin/../lib/gcc/arm-none-eabi/13.3.1/../../../../arm-none-eabi/lib/thumb/v7e-m+dp/hard\libc_nano.a(libc_a-sbrkr.o)
                0x0800bfac                _sbrk_r
 .text._write_r
                0x0800bfcc       0x24 C:/ST/STM32CubeIDE_1.19.0/STM32CubeIDE/plugins/com.st.stm32cube.ide.mcu.externaltools.gnu-tools-for-stm32.13.3.rel1.win32_1.0.0.202411081344/tools/bin/../lib/gcc/arm-none-eabi/13.3.1/../../../../arm-none-eabi/lib/thumb/v7e-m+dp/hard\libc_nano.a(libc_a-writer.o)
                0x0800bfcc                _write_r
 .text.__errno  0x0800bff0        0xc C:/ST/STM32CubeIDE_1.19.0/STM32CubeIDE/plugins/com.st.stm32cube.ide.mcu.externaltools.gnu-tools-for-stm32.13.3.rel1.win32_1.0.0.202411081344/tools/bin/../lib/gcc/arm-none-eabi/13.3.1/../../../../arm-none-eabi/lib/thumb/v7e-m+dp/hard\libc_nano.a(libc_a-errno.o)
                0x0800bff0                __errno
 .text.__libc_init_array
                0x0800bffc       0x48 C:/ST/STM32CubeIDE_1.19.0/STM32CubeIDE/plugins/com.st.stm32cube.ide.mcu.externaltools.gnu-tools-for-stm32.13.3.rel1.win32_1.0.0.202411081344/tools/bin/../lib/gcc/arm-none-eabi/13.3.1/../../../../arm-none-eabi/lib/thumb/v7e-m+dp/hard\libc_nano.a(libc_a-init.o)
                0x0800bffc                __libc_init_array
 .text.__retarget_lock_init_recursive
                0x0800c044        0x2 C:/ST/STM32CubeIDE_1.19.0/STM32CubeIDE/plugins/com.st.stm32cube.ide.mcu.externaltools.gnu-tools-for-stm32.13.3.rel1.win32_1.0.0.202411081344/tools/bin/../lib/gcc/arm-none-eabi/13.3.1/../../../../arm-none-eabi/lib/thumb/v7e-m+dp/hard\libc_nano.a(libc_a-lock.o)
                0x0800c044                __retarget_lock_init_recursive
 .text.__retarget_lock_acquire_recursive
                0x0800c046        0x2 C:/ST/STM32CubeIDE_1.19.0/STM32CubeIDE/plugins/com.st.stm32cube.ide.mcu.externaltools.gnu-tools-for-stm32.13.3.rel1.win32_1.0.0.202411081344/tools/bin/../lib/gcc/arm-none-eabi/13.3.1/../../../../arm-none-eabi/lib/thumb/v7e-m+dp/hard\libc_nano.a(libc_a-lock.o)
                0x0800c046                __retarget_lock_acquire_recursive
 .text.__retarget_lock_release_recursive
                0x0800c048        0x2 C:/ST/STM32CubeIDE_1.19.0/STM32CubeIDE/plugins/com.st.stm32cube.ide.mcu.externaltools.gnu-tools-for-stm32.13.3.rel1.win32_1.0.0.202411081344/tools/bin/../lib/gcc/arm-none-eabi/13.3.1/../../../../arm-none-eabi/lib/thumb/v7e-m+dp/hard\libc_nano.a(libc_a-lock.o)
                0x0800c048                __retarget_lock_release_recursive
 *fill*         0x0800c04a        0x2 
 .text._free_r  0x0800c04c       0x94 C:/ST/STM32CubeIDE_1.19.0/STM32CubeIDE/plugins/com.st.stm32cube.ide.mcu.externaltools.gnu-tools-for-stm32.13.3.rel1.win32_1.0.0.202411081344/tools/bin/../lib/gcc/arm-none-eabi/13.3.1/../../../../arm-none-eabi/lib/thumb/v7e-m+dp/hard\libc_nano.a(libc_a-freer.o)
                0x0800c04c                _free_r
 .text.__sfputc_r
                0x0800c0e0       0x2e C:/ST/STM32CubeIDE_1.19.0/STM32CubeIDE/plugins/com.st.stm32cube.ide.mcu.externaltools.gnu-tools-for-stm32.13.3.rel1.win32_1.0.0.202411081344/tools/bin/../lib/gcc/arm-none-eabi/13.3.1/../../../../arm-none-eabi/lib/thumb/v7e-m+dp/hard\libc_nano.a(libc_a-nano-vfprintf.o)
 .text.__sfputs_r
                0x0800c10e       0x24 C:/ST/STM32CubeIDE_1.19.0/STM32CubeIDE/plugins/com.st.stm32cube.ide.mcu.externaltools.gnu-tools-for-stm32.13.3.rel1.win32_1.0.0.202411081344/tools/bin/../lib/gcc/arm-none-eabi/13.3.1/../../../../arm-none-eabi/lib/thumb/v7e-m+dp/hard\libc_nano.a(libc_a-nano-vfprintf.o)
                0x0800c10e                __sfputs_r
 *fill*         0x0800c132        0x2 
 .text._vfprintf_r
                0x0800c134      0x230 C:/ST/STM32CubeIDE_1.19.0/STM32CubeIDE/plugins/com.st.stm32cube.ide.mcu.externaltools.gnu-tools-for-stm32.13.3.rel1.win32_1.0.0.202411081344/tools/bin/../lib/gcc/arm-none-eabi/13.3.1/../../../../arm-none-eabi/lib/thumb/v7e-m+dp/hard\libc_nano.a(libc_a-nano-vfprintf.o)
                0x0800c134                _vfprintf_r
                0x0800c134                _vfiprintf_r
 .text._printf_common
                0x0800c364       0xda C:/ST/STM32CubeIDE_1.19.0/STM32CubeIDE/plugins/com.st.stm32cube.ide.mcu.externaltools.gnu-tools-for-stm32.13.3.rel1.win32_1.0.0.202411081344/tools/bin/../lib/gcc/arm-none-eabi/13.3.1/../../../../arm-none-eabi/lib/thumb/v7e-m+dp/hard\libc_nano.a(libc_a-nano-vfprintf_i.o)
                0x0800c364                _printf_common
 *fill*         0x0800c43e        0x2 
 .text._printf_i
                0x0800c440      0x23c C:/ST/STM32CubeIDE_1.19.0/STM32CubeIDE/plugins/com.st.stm32cube.ide.mcu.externaltools.gnu-tools-for-stm32.13.3.rel1.win32_1.0.0.202411081344/tools/bin/../lib/gcc/arm-none-eabi/13.3.1/../../../../arm-none-eabi/lib/thumb/v7e-m+dp/hard\libc_nano.a(libc_a-nano-vfprintf_i.o)
                0x0800c440                _printf_i
 .text.__sflush_r
                0x0800c67c      0x108 C:/ST/STM32CubeIDE_1.19.0/STM32CubeIDE/plugins/com.st.stm32cube.ide.mcu.externaltools.gnu-tools-for-stm32.13.3.rel1.win32_1.0.0.202411081344/tools/bin/../lib/gcc/arm-none-eabi/13.3.1/../../../../arm-none-eabi/lib/thumb/v7e-m+dp/hard\libc_nano.a(libc_a-fflush.o)
                0x0800c67c                __sflush_r
 .text._fflush_r
                0x0800c784       0x50 C:/ST/STM32CubeIDE_1.19.0/STM32CubeIDE/plugins/com.st.stm32cube.ide.mcu.externaltools.gnu-tools-for-stm32.13.3.rel1.win32_1.0.0.202411081344/tools/bin/../lib/gcc/arm-none-eabi/13.3.1/../../../../arm-none-eabi/lib/thumb/v7e-m+dp/hard\libc_nano.a(libc_a-fflush.o)
                0x0800c784                _fflush_r
 .text.__swhatbuf_r
                0x0800c7d4       0x4c C:/ST/STM32CubeIDE_1.19.0/STM32CubeIDE/plugins/com.st.stm32cube.ide.mcu.externaltools.gnu-tools-for-stm32.13.3.rel1.win32_1.0.0.202411081344/tools/bin/../lib/gcc/arm-none-eabi/13.3.1/../../../../arm-none-eabi/lib/thumb/v7e-m+dp/hard\libc_nano.a(libc_a-makebuf.o)
                0x0800c7d4                __swhatbuf_r
 .text.__smakebuf_r
                0x0800c820       0x78 C:/ST/STM32CubeIDE_1.19.0/STM32CubeIDE/plugins/com.st.stm32cube.ide.mcu.externaltools.gnu-tools-for-stm32.13.3.rel1.win32_1.0.0.202411081344/tools/bin/../lib/gcc/arm-none-eabi/13.3.1/../../../../arm-none-eabi/lib/thumb/v7e-m+dp/hard\libc_nano.a(libc_a-makebuf.o)
                0x0800c820                __smakebuf_r
 .text._fstat_r
                0x0800c898       0x24 C:/ST/STM32CubeIDE_1.19.0/STM32CubeIDE/plugins/com.st.stm32cube.ide.mcu.externaltools.gnu-tools-for-stm32.13.3.rel1.win32_1.0.0.202411081344/tools/bin/../lib/gcc/arm-none-eabi/13.3.1/../../../../arm-none-eabi/lib/thumb/v7e-m+dp/hard\libc_nano.a(libc_a-fstatr.o)
                0x0800c898                _fstat_r
 .text._isatty_r
                0x0800c8bc       0x20 C:/ST/STM32CubeIDE_1.19.0/STM32CubeIDE/plugins/com.st.stm32cube.ide.mcu.externaltools.gnu-tools-for-stm32.13.3.rel1.win32_1.0.0.202411081344/tools/bin/../lib/gcc/arm-none-eabi/13.3.1/../../../../arm-none-eabi/lib/thumb/v7e-m+dp/hard\libc_nano.a(libc_a-isattyr.o)
                0x0800c8bc                _isatty_r
 *(.glue_7)
 .glue_7        0x0800c8dc        0x0 linker stubs
 *(.glue_7t)
 .glue_7t       0x0800c8dc        0x0 linker stubs
 *(.eh_frame)
 .eh_frame      0x0800c8dc        0x0 C:/ST/STM32CubeIDE_1.19.0/STM32CubeIDE/plugins/com.st.stm32cube.ide.mcu.externaltools.gnu-tools-for-stm32.13.3.rel1.win32_1.0.0.202411081344/tools/bin/../lib/gcc/arm-none-eabi/13.3.1/thumb/v7e-m+dp/hard/crtbegin.o
 *(.init)
 .init          0x0800c8dc        0x4 C:/ST/STM32CubeIDE_1.19.0/STM32CubeIDE/plugins/com.st.stm32cube.ide.mcu.externaltools.gnu-tools-for-stm32.13.3.rel1.win32_1.0.0.202411081344/tools/bin/../lib/gcc/arm-none-eabi/13.3.1/thumb/v7e-m+dp/hard/crti.o
                0x0800c8dc                _init
 .init          0x0800c8e0        0x8 C:/ST/STM32CubeIDE_1.19.0/STM32CubeIDE/plugins/com.st.stm32cube.ide.mcu.externaltools.gnu-tools-for-stm32.13.3.rel1.win32_1.0.0.202411081344/tools/bin/../lib/gcc/arm-none-eabi/13.3.1/thumb/v7e-m+dp/hard/crtn.o
 *(.fini)
 .fini          0x0800c8e8        0x4 C:/ST/STM32CubeIDE_1.19.0/STM32CubeIDE/plugins/com.st.stm32cube.ide.mcu.externaltools.gnu-tools-for-stm32.13.3.rel1.win32_1.0.0.202411081344/tools/bin/../lib/gcc/arm-none-eabi/13.3.1/thumb/v7e-m+dp/hard/crti.o
                0x0800c8e8                _fini
 .fini          0x0800c8ec        0x8 C:/ST/STM32CubeIDE_1.19.0/STM32CubeIDE/plugins/com.st.stm32cube.ide.mcu.externaltools.gnu-tools-for-stm32.13.3.rel1.win32_1.0.0.202411081344/tools/bin/../lib/gcc/arm-none-eabi/13.3.1/thumb/v7e-m+dp/hard/crtn.o
                0x0800c8f4                        . = ALIGN (0x4)
                0x0800c8f4                        _etext = .

.vfp11_veneer   0x0800c8f4        0x0
 .vfp11_veneer  0x0800c8f4        0x0 linker stubs

.v4_bx          0x0800c8f4        0x0
 .v4_bx         0x0800c8f4        0x0 linker stubs

.iplt           0x0800c8f4        0x0
 .iplt          0x0800c8f4        0x0 C:/ST/STM32CubeIDE_1.19.0/STM32CubeIDE/plugins/com.st.stm32cube.ide.mcu.externaltools.gnu-tools-for-stm32.13.3.rel1.win32_1.0.0.202411081344/tools/bin/../lib/gcc/arm-none-eabi/13.3.1/thumb/v7e-m+dp/hard/crtbegin.o

.rodata         0x0800c900     0x6174
                0x0800c900                        . = ALIGN (0x4)
 *(.rodata)
 .rodata        0x0800c900       0xe7 ./X-CUBE-AI/App/app_x-cube-ai.o
 *fill*         0x0800c9e7        0x1 
 .rodata        0x0800c9e8       0x30 ./X-CUBE-AI/App/tinycnnbuow_data.o
 *(.rodata*)
 .rodata.D1CorePrescTable
                0x0800ca18       0x10 ./Common/Src/system_stm32h7xx_dualcore_boot_cm4_cm7.o
                0x0800ca18                D1CorePrescTable
 .rodata.flagBitshiftOffset.0
                0x0800ca28        0x8 ./Drivers/STM32H7xx_HAL_Driver/stm32h7xx_hal_dma.o
 .rodata.gemm_16_chain
                0x0800ca30        0x8 ./X-CUBE-AI/App/tinycnnbuow.o
 .rodata.reduce_14_Mul_chain
                0x0800ca38        0x8 ./X-CUBE-AI/App/tinycnnbuow.o
 .rodata.reduce_14_neutral_value_data
                0x0800ca40        0x4 ./X-CUBE-AI/App/tinycnnbuow.o
 .rodata.reduce_14_neutral_value
                0x0800ca44       0x10 ./X-CUBE-AI/App/tinycnnbuow.o
 .rodata.reduce_14_chain
                0x0800ca54        0x8 ./X-CUBE-AI/App/tinycnnbuow.o
 .rodata.transpose_13_chain
                0x0800ca5c        0x8 ./X-CUBE-AI/App/tinycnnbuow.o
 .rodata.nl_12_nl_chain
                0x0800ca64        0x8 ./X-CUBE-AI/App/tinycnnbuow.o
 .rodata.conv2d_12_chain
                0x0800ca6c        0x8 ./X-CUBE-AI/App/tinycnnbuow.o
 .rodata.transpose_11_chain
                0x0800ca74        0x8 ./X-CUBE-AI/App/tinycnnbuow.o
 .rodata.pad_10_value_data
                0x0800ca7c        0x4 ./X-CUBE-AI/App/tinycnnbuow.o
 .rodata.pad_10_value
                0x0800ca80       0x10 ./X-CUBE-AI/App/tinycnnbuow.o
 .rodata.pad_10_chain
                0x0800ca90        0x8 ./X-CUBE-AI/App/tinycnnbuow.o
 .rodata.in_pad_10_chain
                0x0800ca98        0x8 ./X-CUBE-AI/App/tinycnnbuow.o
 .rodata.conv2d_7_chain
                0x0800caa0        0x8 ./X-CUBE-AI/App/tinycnnbuow.o
 .rodata.transpose_6_chain
                0x0800caa8        0x8 ./X-CUBE-AI/App/tinycnnbuow.o
 .rodata.pad_5_value_data
                0x0800cab0        0x4 ./X-CUBE-AI/App/tinycnnbuow.o
 .rodata.pad_5_value
                0x0800cab4       0x10 ./X-CUBE-AI/App/tinycnnbuow.o
 .rodata.pad_5_chain
                0x0800cac4        0x8 ./X-CUBE-AI/App/tinycnnbuow.o
 .rodata.in_pad_5_chain
                0x0800cacc        0x8 ./X-CUBE-AI/App/tinycnnbuow.o
 .rodata.conv2d_2_chain
                0x0800cad4        0x8 ./X-CUBE-AI/App/tinycnnbuow.o
 .rodata.out_pad_0_chain
                0x0800cadc        0x8 ./X-CUBE-AI/App/tinycnnbuow.o
 .rodata.pad_0_value_data
                0x0800cae4        0x4 ./X-CUBE-AI/App/tinycnnbuow.o
 .rodata.pad_0_value
                0x0800cae8       0x10 ./X-CUBE-AI/App/tinycnnbuow.o
 .rodata.pad_0_chain
                0x0800caf8        0x8 ./X-CUBE-AI/App/tinycnnbuow.o
 .rodata.in_pad_0_chain
                0x0800cb00        0x8 ./X-CUBE-AI/App/tinycnnbuow.o
 *fill*         0x0800cb08       0x18 
 .rodata.s_tinycnnbuow_weights_array_u64
                0x0800cb20     0x5f20 ./X-CUBE-AI/App/tinycnnbuow_data_params.o
                0x0800cb20                s_tinycnnbuow_weights_array_u64
 .rodata._vfprintf_r.str1.1
                0x08012a40       0x33 C:/ST/STM32CubeIDE_1.19.0/STM32CubeIDE/plugins/com.st.stm32cube.ide.mcu.externaltools.gnu-tools-for-stm32.13.3.rel1.win32_1.0.0.202411081344/tools/bin/../lib/gcc/arm-none-eabi/13.3.1/../../../../arm-none-eabi/lib/thumb/v7e-m+dp/hard\libc_nano.a(libc_a-nano-vfprintf.o)
                                 0x11 (size before relaxing)
 .rodata._printf_i.str1.1
                0x08012a73       0x22 C:/ST/STM32CubeIDE_1.19.0/STM32CubeIDE/plugins/com.st.stm32cube.ide.mcu.externaltools.gnu-tools-for-stm32.13.3.rel1.win32_1.0.0.202411081344/tools/bin/../lib/gcc/arm-none-eabi/13.3.1/../../../../arm-none-eabi/lib/thumb/v7e-m+dp/hard\libc_nano.a(libc_a-nano-vfprintf_i.o)
                0x08012a98                        . = ALIGN (0x4)
 *fill*         0x08012a73        0x1 

.ARM.extab      0x08012a74        0x0
                0x08012a74                        . = ALIGN (0x4)
 *(.ARM.extab* .gnu.linkonce.armextab.*)
                0x08012a74                        . = ALIGN (0x4)

.ARM            0x08012a74        0x8
                0x08012a74                        . = ALIGN (0x4)
                0x08012a74                        __exidx_start = .
 *(.ARM.exidx*)
 .ARM.exidx     0x08012a74        0x8 C:/ST/STM32CubeIDE_1.19.0/STM32CubeIDE/plugins/com.st.stm32cube.ide.mcu.externaltools.gnu-tools-for-stm32.13.3.rel1.win32_1.0.0.202411081344/tools/bin/../lib/gcc/arm-none-eabi/13.3.1/../../../../arm-none-eabi/lib/thumb/v7e-m+dp/hard\libc_nano.a(libc_a-memchr.o)
                0x08012a7c                        __exidx_end = .
                0x08012a7c                        . = ALIGN (0x4)

.preinit_array  0x08012a7c        0x0
                0x08012a7c                        . = ALIGN (0x4)
                0x08012a7c                        PROVIDE (__preinit_array_start = .)
 *(.preinit_array*)
                0x08012a7c                        PROVIDE (__preinit_array_end = .)
                0x08012a7c                        . = ALIGN (0x4)

.init_array     0x08012a7c        0x4
                0x08012a7c                        . = ALIGN (0x4)
                0x08012a7c                        PROVIDE (__init_array_start = .)
 *(SORT_BY_NAME(.init_array.*))
 *(.init_array*)
 .init_array    0x08012a7c        0x4 C:/ST/STM32CubeIDE_1.19.0/STM32CubeIDE/plugins/com.st.stm32cube.ide.mcu.externaltools.gnu-tools-for-stm32.13.3.rel1.win32_1.0.0.202411081344/tools/bin/../lib/gcc/arm-none-eabi/13.3.1/thumb/v7e-m+dp/hard/crtbegin.o
                0x08012a80                        PROVIDE (__init_array_end = .)
                0x08012a80                        . = ALIGN (0x4)

.fini_array     0x08012a80        0x4
                0x08012a80                        . = ALIGN (0x4)
                [!provide]                        PROVIDE (__fini_array_start = .)
 *(SORT_BY_NAME(.fini_array.*))
 *(.fini_array*)
 .fini_array    0x08012a80        0x4 C:/ST/STM32CubeIDE_1.19.0/STM32CubeIDE/plugins/com.st.stm32cube.ide.mcu.externaltools.gnu-tools-for-stm32.13.3.rel1.win32_1.0.0.202411081344/tools/bin/../lib/gcc/arm-none-eabi/13.3.1/thumb/v7e-m+dp/hard/crtbegin.o
                [!provide]                        PROVIDE (__fini_array_end = .)
                0x08012a84                        . = ALIGN (0x4)
                0x08012a84                        _sidata = LOADADDR (.data)

.rel.dyn        0x08012a84        0x0
 .rel.iplt      0x08012a84        0x0 C:/ST/STM32CubeIDE_1.19.0/STM32CubeIDE/plugins/com.st.stm32cube.ide.mcu.externaltools.gnu-tools-for-stm32.13.3.rel1.win32_1.0.0.202411081344/tools/bin/../lib/gcc/arm-none-eabi/13.3.1/thumb/v7e-m+dp/hard/crtbegin.o

.data           0x24000000     0x13c4 load address 0x08012a84
                0x24000000                        . = ALIGN (0x4)
                0x24000000                        _sdata = .
 *(.data)
 *(.data*)
 .data.SystemCoreClock
                0x24000000        0x4 ./Common/Src/system_stm32h7xx_dualcore_boot_cm4_cm7.o
                0x24000000                SystemCoreClock
 .data.SystemD2Clock
                0x24000004        0x4 ./Common/Src/system_stm32h7xx_dualcore_boot_cm4_cm7.o
                0x24000004                SystemD2Clock
 .data.uwTickPrio
                0x24000008        0x4 ./Drivers/STM32H7xx_HAL_Driver/stm32h7xx_hal.o
                0x24000008                uwTickPrio
 .data.uwTickFreq
                0x2400000c        0x1 ./Drivers/STM32H7xx_HAL_Driver/stm32h7xx_hal.o
                0x2400000c                uwTickFreq
 *fill*         0x2400000d        0x3 
 .data.data_activations0
                0x24000010        0x4 ./X-CUBE-AI/App/app_x-cube-ai.o
                0x24000010                data_activations0
 .data.serving_default_input0_output_array
                0x24000014       0x10 ./X-CUBE-AI/App/tinycnnbuow.o
 .data.in_pad_0_output_array
                0x24000024       0x10 ./X-CUBE-AI/App/tinycnnbuow.o
 .data.pad_0_output_array
                0x24000034       0x10 ./X-CUBE-AI/App/tinycnnbuow.o
 .data.out_pad_0_output_array
                0x24000044       0x10 ./X-CUBE-AI/App/tinycnnbuow.o
 .data.conv2d_2_output_array
                0x24000054       0x10 ./X-CUBE-AI/App/tinycnnbuow.o
 .data.in_pad_5_output_array
                0x24000064       0x10 ./X-CUBE-AI/App/tinycnnbuow.o
 .data.pad_5_output_array
                0x24000074       0x10 ./X-CUBE-AI/App/tinycnnbuow.o
 .data.transpose_6_output_array
                0x24000084       0x10 ./X-CUBE-AI/App/tinycnnbuow.o
 .data.conv2d_7_output_array
                0x24000094       0x10 ./X-CUBE-AI/App/tinycnnbuow.o
 .data.in_pad_10_output_array
                0x240000a4       0x10 ./X-CUBE-AI/App/tinycnnbuow.o
 .data.pad_10_output_array
                0x240000b4       0x10 ./X-CUBE-AI/App/tinycnnbuow.o
 .data.transpose_11_output_array
                0x240000c4       0x10 ./X-CUBE-AI/App/tinycnnbuow.o
 .data.conv2d_12_output_array
                0x240000d4       0x10 ./X-CUBE-AI/App/tinycnnbuow.o
 .data.nl_12_nl_output_array
                0x240000e4       0x10 ./X-CUBE-AI/App/tinycnnbuow.o
 .data.transpose_13_output_array
                0x240000f4       0x10 ./X-CUBE-AI/App/tinycnnbuow.o
 .data.reduce_14_output_array
                0x24000104       0x10 ./X-CUBE-AI/App/tinycnnbuow.o
 .data.reduce_14_Mul_output_array
                0x24000114       0x10 ./X-CUBE-AI/App/tinycnnbuow.o
 .data.gemm_16_output_array
                0x24000124       0x10 ./X-CUBE-AI/App/tinycnnbuow.o
 .data.conv2d_2_weights_array
                0x24000134       0x10 ./X-CUBE-AI/App/tinycnnbuow.o
 .data.conv2d_2_bias_array
                0x24000144       0x10 ./X-CUBE-AI/App/tinycnnbuow.o
 .data.conv2d_7_weights_array
                0x24000154       0x10 ./X-CUBE-AI/App/tinycnnbuow.o
 .data.conv2d_7_bias_array
                0x24000164       0x10 ./X-CUBE-AI/App/tinycnnbuow.o
 .data.conv2d_12_weights_array
                0x24000174       0x10 ./X-CUBE-AI/App/tinycnnbuow.o
 .data.conv2d_12_bias_array
                0x24000184       0x10 ./X-CUBE-AI/App/tinycnnbuow.o
 .data.reduce_14_Mul_scale_array
                0x24000194       0x10 ./X-CUBE-AI/App/tinycnnbuow.o
 .data.reduce_14_Mul_bias_array
                0x240001a4       0x10 ./X-CUBE-AI/App/tinycnnbuow.o
 .data.gemm_16_weights_array
                0x240001b4       0x10 ./X-CUBE-AI/App/tinycnnbuow.o
 .data.gemm_16_bias_array
                0x240001c4       0x10 ./X-CUBE-AI/App/tinycnnbuow.o
 .data.conv2d_2_scratch0_array
                0x240001d4       0x10 ./X-CUBE-AI/App/tinycnnbuow.o
 .data.conv2d_2_scratch1_array
                0x240001e4       0x10 ./X-CUBE-AI/App/tinycnnbuow.o
 .data.conv2d_7_scratch0_array
                0x240001f4       0x10 ./X-CUBE-AI/App/tinycnnbuow.o
 .data.conv2d_7_scratch1_array
                0x24000204       0x10 ./X-CUBE-AI/App/tinycnnbuow.o
 .data.conv2d_12_scratch0_array
                0x24000214       0x10 ./X-CUBE-AI/App/tinycnnbuow.o
 .data.__compound_literal.0
                0x24000224       0x10 ./X-CUBE-AI/App/tinycnnbuow.o
 .data.__compound_literal.1
                0x24000234       0x10 ./X-CUBE-AI/App/tinycnnbuow.o
 .data.conv2d_12_bias
                0x24000244       0x1c ./X-CUBE-AI/App/tinycnnbuow.o
 .data.__compound_literal.2
                0x24000260       0x10 ./X-CUBE-AI/App/tinycnnbuow.o
 .data.__compound_literal.3
                0x24000270       0x10 ./X-CUBE-AI/App/tinycnnbuow.o
 .data.conv2d_12_output
                0x24000280       0x1c ./X-CUBE-AI/App/tinycnnbuow.o
 .data.__compound_literal.4
                0x2400029c       0x10 ./X-CUBE-AI/App/tinycnnbuow.o
 .data.__compound_literal.5
                0x240002ac       0x10 ./X-CUBE-AI/App/tinycnnbuow.o
 .data.conv2d_12_scratch0
                0x240002bc       0x1c ./X-CUBE-AI/App/tinycnnbuow.o
 .data.__compound_literal.6
                0x240002d8       0x10 ./X-CUBE-AI/App/tinycnnbuow.o
 .data.__compound_literal.7
                0x240002e8       0x10 ./X-CUBE-AI/App/tinycnnbuow.o
 .data.conv2d_12_weights
                0x240002f8       0x1c ./X-CUBE-AI/App/tinycnnbuow.o
 .data.__compound_literal.8
                0x24000314       0x10 ./X-CUBE-AI/App/tinycnnbuow.o
 .data.__compound_literal.9
                0x24000324       0x10 ./X-CUBE-AI/App/tinycnnbuow.o
 .data.conv2d_2_bias
                0x24000334       0x1c ./X-CUBE-AI/App/tinycnnbuow.o
 .data.__compound_literal.10
                0x24000350       0x10 ./X-CUBE-AI/App/tinycnnbuow.o
 .data.__compound_literal.11
                0x24000360       0x10 ./X-CUBE-AI/App/tinycnnbuow.o
 .data.conv2d_2_output
                0x24000370       0x1c ./X-CUBE-AI/App/tinycnnbuow.o
 .data.__compound_literal.12
                0x2400038c       0x10 ./X-CUBE-AI/App/tinycnnbuow.o
 .data.__compound_literal.13
                0x2400039c       0x10 ./X-CUBE-AI/App/tinycnnbuow.o
 .data.conv2d_2_scratch0
                0x240003ac       0x1c ./X-CUBE-AI/App/tinycnnbuow.o
 .data.__compound_literal.14
                0x240003c8       0x10 ./X-CUBE-AI/App/tinycnnbuow.o
 .data.__compound_literal.15
                0x240003d8       0x10 ./X-CUBE-AI/App/tinycnnbuow.o
 .data.conv2d_2_scratch1
                0x240003e8       0x1c ./X-CUBE-AI/App/tinycnnbuow.o
 .data.__compound_literal.16
                0x24000404       0x10 ./X-CUBE-AI/App/tinycnnbuow.o
 .data.__compound_literal.17
                0x24000414       0x10 ./X-CUBE-AI/App/tinycnnbuow.o
 .data.conv2d_2_weights
                0x24000424       0x1c ./X-CUBE-AI/App/tinycnnbuow.o
 .data.__compound_literal.18
                0x24000440       0x10 ./X-CUBE-AI/App/tinycnnbuow.o
 .data.__compound_literal.19
                0x24000450       0x10 ./X-CUBE-AI/App/tinycnnbuow.o
 .data.conv2d_7_bias
                0x24000460       0x1c ./X-CUBE-AI/App/tinycnnbuow.o
 .data.__compound_literal.20
                0x2400047c       0x10 ./X-CUBE-AI/App/tinycnnbuow.o
 .data.__compound_literal.21
                0x2400048c       0x10 ./X-CUBE-AI/App/tinycnnbuow.o
 .data.conv2d_7_output
                0x2400049c       0x1c ./X-CUBE-AI/App/tinycnnbuow.o
 .data.__compound_literal.22
                0x240004b8       0x10 ./X-CUBE-AI/App/tinycnnbuow.o
 .data.__compound_literal.23
                0x240004c8       0x10 ./X-CUBE-AI/App/tinycnnbuow.o
 .data.conv2d_7_scratch0
                0x240004d8       0x1c ./X-CUBE-AI/App/tinycnnbuow.o
 .data.__compound_literal.24
                0x240004f4       0x10 ./X-CUBE-AI/App/tinycnnbuow.o
 .data.__compound_literal.25
                0x24000504       0x10 ./X-CUBE-AI/App/tinycnnbuow.o
 .data.conv2d_7_scratch1
                0x24000514       0x1c ./X-CUBE-AI/App/tinycnnbuow.o
 .data.__compound_literal.26
                0x24000530       0x10 ./X-CUBE-AI/App/tinycnnbuow.o
 .data.__compound_literal.27
                0x24000540       0x10 ./X-CUBE-AI/App/tinycnnbuow.o
 .data.conv2d_7_weights
                0x24000550       0x1c ./X-CUBE-AI/App/tinycnnbuow.o
 .data.__compound_literal.28
                0x2400056c       0x10 ./X-CUBE-AI/App/tinycnnbuow.o
 .data.__compound_literal.29
                0x2400057c       0x10 ./X-CUBE-AI/App/tinycnnbuow.o
 .data.gemm_16_bias
                0x2400058c       0x1c ./X-CUBE-AI/App/tinycnnbuow.o
 .data.__compound_literal.30
                0x240005a8       0x10 ./X-CUBE-AI/App/tinycnnbuow.o
 .data.__compound_literal.31
                0x240005b8       0x10 ./X-CUBE-AI/App/tinycnnbuow.o
 .data.gemm_16_output
                0x240005c8       0x1c ./X-CUBE-AI/App/tinycnnbuow.o
 .data.__compound_literal.32
                0x240005e4       0x10 ./X-CUBE-AI/App/tinycnnbuow.o
 .data.__compound_literal.33
                0x240005f4       0x10 ./X-CUBE-AI/App/tinycnnbuow.o
 .data.gemm_16_weights
                0x24000604       0x1c ./X-CUBE-AI/App/tinycnnbuow.o
 .data.__compound_literal.34
                0x24000620       0x10 ./X-CUBE-AI/App/tinycnnbuow.o
 .data.__compound_literal.35
                0x24000630       0x10 ./X-CUBE-AI/App/tinycnnbuow.o
 .data.in_pad_0_output
                0x24000640       0x1c ./X-CUBE-AI/App/tinycnnbuow.o
 .data.__compound_literal.36
                0x2400065c       0x10 ./X-CUBE-AI/App/tinycnnbuow.o
 .data.__compound_literal.37
                0x2400066c       0x10 ./X-CUBE-AI/App/tinycnnbuow.o
 .data.in_pad_10_output
                0x2400067c       0x1c ./X-CUBE-AI/App/tinycnnbuow.o
 .data.__compound_literal.38
                0x24000698       0x10 ./X-CUBE-AI/App/tinycnnbuow.o
 .data.__compound_literal.39
                0x240006a8       0x10 ./X-CUBE-AI/App/tinycnnbuow.o
 .data.in_pad_5_output
                0x240006b8       0x1c ./X-CUBE-AI/App/tinycnnbuow.o
 .data.__compound_literal.40
                0x240006d4       0x10 ./X-CUBE-AI/App/tinycnnbuow.o
 .data.__compound_literal.41
                0x240006e4       0x10 ./X-CUBE-AI/App/tinycnnbuow.o
 .data.nl_12_nl_output
                0x240006f4       0x1c ./X-CUBE-AI/App/tinycnnbuow.o
 .data.__compound_literal.42
                0x24000710       0x10 ./X-CUBE-AI/App/tinycnnbuow.o
 .data.__compound_literal.43
                0x24000720       0x10 ./X-CUBE-AI/App/tinycnnbuow.o
 .data.out_pad_0_output
                0x24000730       0x1c ./X-CUBE-AI/App/tinycnnbuow.o
 .data.__compound_literal.44
                0x2400074c       0x10 ./X-CUBE-AI/App/tinycnnbuow.o
 .data.__compound_literal.45
                0x2400075c       0x10 ./X-CUBE-AI/App/tinycnnbuow.o
 .data.out_pad_0_output0
                0x2400076c       0x1c ./X-CUBE-AI/App/tinycnnbuow.o
 .data.__compound_literal.46
                0x24000788       0x10 ./X-CUBE-AI/App/tinycnnbuow.o
 .data.__compound_literal.47
                0x24000798       0x10 ./X-CUBE-AI/App/tinycnnbuow.o
 .data.pad_0_output
                0x240007a8       0x1c ./X-CUBE-AI/App/tinycnnbuow.o
 .data.__compound_literal.48
                0x240007c4       0x10 ./X-CUBE-AI/App/tinycnnbuow.o
 .data.__compound_literal.49
                0x240007d4       0x10 ./X-CUBE-AI/App/tinycnnbuow.o
 .data.pad_10_output
                0x240007e4       0x1c ./X-CUBE-AI/App/tinycnnbuow.o
 .data.__compound_literal.50
                0x24000800       0x10 ./X-CUBE-AI/App/tinycnnbuow.o
 .data.__compound_literal.51
                0x24000810       0x10 ./X-CUBE-AI/App/tinycnnbuow.o
 .data.pad_5_output
                0x24000820       0x1c ./X-CUBE-AI/App/tinycnnbuow.o
 .data.__compound_literal.52
                0x2400083c       0x10 ./X-CUBE-AI/App/tinycnnbuow.o
 .data.__compound_literal.53
                0x2400084c       0x10 ./X-CUBE-AI/App/tinycnnbuow.o
 .data.reduce_14_Mul_bias
                0x2400085c       0x1c ./X-CUBE-AI/App/tinycnnbuow.o
 .data.__compound_literal.54
                0x24000878       0x10 ./X-CUBE-AI/App/tinycnnbuow.o
 .data.__compound_literal.55
                0x24000888       0x10 ./X-CUBE-AI/App/tinycnnbuow.o
 .data.reduce_14_Mul_output
                0x24000898       0x1c ./X-CUBE-AI/App/tinycnnbuow.o
 .data.__compound_literal.56
                0x240008b4       0x10 ./X-CUBE-AI/App/tinycnnbuow.o
 .data.__compound_literal.57
                0x240008c4       0x10 ./X-CUBE-AI/App/tinycnnbuow.o
 .data.reduce_14_Mul_output0
                0x240008d4       0x1c ./X-CUBE-AI/App/tinycnnbuow.o
 .data.__compound_literal.58
                0x240008f0       0x10 ./X-CUBE-AI/App/tinycnnbuow.o
 .data.__compound_literal.59
                0x24000900       0x10 ./X-CUBE-AI/App/tinycnnbuow.o
 .data.reduce_14_Mul_scale
                0x24000910       0x1c ./X-CUBE-AI/App/tinycnnbuow.o
 .data.__compound_literal.60
                0x2400092c       0x10 ./X-CUBE-AI/App/tinycnnbuow.o
 .data.__compound_literal.61
                0x2400093c       0x10 ./X-CUBE-AI/App/tinycnnbuow.o
 .data.reduce_14_output
                0x2400094c       0x1c ./X-CUBE-AI/App/tinycnnbuow.o
 .data.__compound_literal.62
                0x24000968       0x10 ./X-CUBE-AI/App/tinycnnbuow.o
 .data.__compound_literal.63
                0x24000978       0x10 ./X-CUBE-AI/App/tinycnnbuow.o
 .data.serving_default_input0_output
                0x24000988       0x1c ./X-CUBE-AI/App/tinycnnbuow.o
 .data.__compound_literal.64
                0x240009a4       0x10 ./X-CUBE-AI/App/tinycnnbuow.o
 .data.__compound_literal.65
                0x240009b4       0x10 ./X-CUBE-AI/App/tinycnnbuow.o
 .data.transpose_11_output
                0x240009c4       0x1c ./X-CUBE-AI/App/tinycnnbuow.o
 .data.__compound_literal.66
                0x240009e0       0x10 ./X-CUBE-AI/App/tinycnnbuow.o
 .data.__compound_literal.67
                0x240009f0       0x10 ./X-CUBE-AI/App/tinycnnbuow.o
 .data.transpose_13_output
                0x24000a00       0x1c ./X-CUBE-AI/App/tinycnnbuow.o
 .data.__compound_literal.68
                0x24000a1c       0x10 ./X-CUBE-AI/App/tinycnnbuow.o
 .data.__compound_literal.69
                0x24000a2c       0x10 ./X-CUBE-AI/App/tinycnnbuow.o
 .data.transpose_6_output
                0x24000a3c       0x1c ./X-CUBE-AI/App/tinycnnbuow.o
 .data.__compound_literal.70
                0x24000a58        0x4 ./X-CUBE-AI/App/tinycnnbuow.o
 .data.__compound_literal.71
                0x24000a5c        0x4 ./X-CUBE-AI/App/tinycnnbuow.o
 .data.__compound_literal.72
                0x24000a60        0x8 ./X-CUBE-AI/App/tinycnnbuow.o
 .data.__compound_literal.74
                0x24000a68       0x30 ./X-CUBE-AI/App/tinycnnbuow.o
 .data.gemm_16_layer
                0x24000a98       0x1c ./X-CUBE-AI/App/tinycnnbuow.o
 .data.__compound_literal.75
                0x24000ab4        0x4 ./X-CUBE-AI/App/tinycnnbuow.o
 .data.__compound_literal.76
                0x24000ab8        0x4 ./X-CUBE-AI/App/tinycnnbuow.o
 .data.__compound_literal.77
                0x24000abc        0x8 ./X-CUBE-AI/App/tinycnnbuow.o
 .data.__compound_literal.79
                0x24000ac4       0x30 ./X-CUBE-AI/App/tinycnnbuow.o
 .data.reduce_14_Mul_layer
                0x24000af4       0x1c ./X-CUBE-AI/App/tinycnnbuow.o
 .data.__compound_literal.80
                0x24000b10        0x4 ./X-CUBE-AI/App/tinycnnbuow.o
 .data.__compound_literal.81
                0x24000b14        0x4 ./X-CUBE-AI/App/tinycnnbuow.o
 .data.__compound_literal.84
                0x24000b18       0x30 ./X-CUBE-AI/App/tinycnnbuow.o
 .data.reduce_14_layer
                0x24000b48       0x24 ./X-CUBE-AI/App/tinycnnbuow.o
 .data.__compound_literal.85
                0x24000b6c        0x4 ./X-CUBE-AI/App/tinycnnbuow.o
 .data.__compound_literal.86
                0x24000b70        0x4 ./X-CUBE-AI/App/tinycnnbuow.o
 .data.__compound_literal.89
                0x24000b74       0x30 ./X-CUBE-AI/App/tinycnnbuow.o
 .data.__compound_literal.90
                0x24000ba4       0x18 ./X-CUBE-AI/App/tinycnnbuow.o
 .data.transpose_13_layer
                0x24000bbc       0x24 ./X-CUBE-AI/App/tinycnnbuow.o
 .data.__compound_literal.91
                0x24000be0        0x4 ./X-CUBE-AI/App/tinycnnbuow.o
 .data.__compound_literal.92
                0x24000be4        0x4 ./X-CUBE-AI/App/tinycnnbuow.o
 .data.__compound_literal.95
                0x24000be8       0x30 ./X-CUBE-AI/App/tinycnnbuow.o
 .data.nl_12_nl_layer
                0x24000c18       0x20 ./X-CUBE-AI/App/tinycnnbuow.o
 .data.__compound_literal.96
                0x24000c38        0x4 ./X-CUBE-AI/App/tinycnnbuow.o
 .data.__compound_literal.97
                0x24000c3c        0x4 ./X-CUBE-AI/App/tinycnnbuow.o
 .data.__compound_literal.98
                0x24000c40        0xc ./X-CUBE-AI/App/tinycnnbuow.o
 .data.__compound_literal.99
                0x24000c4c        0x8 ./X-CUBE-AI/App/tinycnnbuow.o
 .data.__compound_literal.100
                0x24000c54       0x30 ./X-CUBE-AI/App/tinycnnbuow.o
 .data.conv2d_12_layer
                0x24000c84       0x44 ./X-CUBE-AI/App/tinycnnbuow.o
 .data.__compound_literal.102
                0x24000cc8        0x4 ./X-CUBE-AI/App/tinycnnbuow.o
 .data.__compound_literal.103
                0x24000ccc        0x4 ./X-CUBE-AI/App/tinycnnbuow.o
 .data.__compound_literal.106
                0x24000cd0       0x30 ./X-CUBE-AI/App/tinycnnbuow.o
 .data.__compound_literal.107
                0x24000d00       0x18 ./X-CUBE-AI/App/tinycnnbuow.o
 .data.transpose_11_layer
                0x24000d18       0x24 ./X-CUBE-AI/App/tinycnnbuow.o
 .data.__compound_literal.108
                0x24000d3c        0x4 ./X-CUBE-AI/App/tinycnnbuow.o
 .data.__compound_literal.109
                0x24000d40        0x4 ./X-CUBE-AI/App/tinycnnbuow.o
 .data.__compound_literal.112
                0x24000d44       0x30 ./X-CUBE-AI/App/tinycnnbuow.o
 .data.__compound_literal.113
                0x24000d74       0x10 ./X-CUBE-AI/App/tinycnnbuow.o
 .data.pad_10_layer
                0x24000d84       0x2c ./X-CUBE-AI/App/tinycnnbuow.o
 .data.__compound_literal.114
                0x24000db0        0x4 ./X-CUBE-AI/App/tinycnnbuow.o
 .data.__compound_literal.115
                0x24000db4        0x4 ./X-CUBE-AI/App/tinycnnbuow.o
 .data.__compound_literal.118
                0x24000db8       0x30 ./X-CUBE-AI/App/tinycnnbuow.o
 .data.__compound_literal.119
                0x24000de8       0x18 ./X-CUBE-AI/App/tinycnnbuow.o
 .data.in_pad_10_layer
                0x24000e00       0x24 ./X-CUBE-AI/App/tinycnnbuow.o
 .data.__compound_literal.120
                0x24000e24        0x4 ./X-CUBE-AI/App/tinycnnbuow.o
 .data.__compound_literal.121
                0x24000e28        0x4 ./X-CUBE-AI/App/tinycnnbuow.o
 .data.__compound_literal.122
                0x24000e2c        0xc ./X-CUBE-AI/App/tinycnnbuow.o
 .data.__compound_literal.123
                0x24000e38        0x8 ./X-CUBE-AI/App/tinycnnbuow.o
 .data.__compound_literal.124
                0x24000e40       0x30 ./X-CUBE-AI/App/tinycnnbuow.o
 .data.conv2d_7_layer
                0x24000e70       0x60 ./X-CUBE-AI/App/tinycnnbuow.o
 .data.__compound_literal.127
                0x24000ed0        0x4 ./X-CUBE-AI/App/tinycnnbuow.o
 .data.__compound_literal.128
                0x24000ed4        0x4 ./X-CUBE-AI/App/tinycnnbuow.o
 .data.__compound_literal.131
                0x24000ed8       0x30 ./X-CUBE-AI/App/tinycnnbuow.o
 .data.__compound_literal.132
                0x24000f08       0x18 ./X-CUBE-AI/App/tinycnnbuow.o
 .data.transpose_6_layer
                0x24000f20       0x24 ./X-CUBE-AI/App/tinycnnbuow.o
 .data.__compound_literal.133
                0x24000f44        0x4 ./X-CUBE-AI/App/tinycnnbuow.o
 .data.__compound_literal.134
                0x24000f48        0x4 ./X-CUBE-AI/App/tinycnnbuow.o
 .data.__compound_literal.137
                0x24000f4c       0x30 ./X-CUBE-AI/App/tinycnnbuow.o
 .data.__compound_literal.138
                0x24000f7c       0x10 ./X-CUBE-AI/App/tinycnnbuow.o
 .data.pad_5_layer
                0x24000f8c       0x2c ./X-CUBE-AI/App/tinycnnbuow.o
 .data.__compound_literal.139
                0x24000fb8        0x4 ./X-CUBE-AI/App/tinycnnbuow.o
 .data.__compound_literal.140
                0x24000fbc        0x4 ./X-CUBE-AI/App/tinycnnbuow.o
 .data.__compound_literal.143
                0x24000fc0       0x30 ./X-CUBE-AI/App/tinycnnbuow.o
 .data.__compound_literal.144
                0x24000ff0       0x18 ./X-CUBE-AI/App/tinycnnbuow.o
 .data.in_pad_5_layer
                0x24001008       0x24 ./X-CUBE-AI/App/tinycnnbuow.o
 .data.__compound_literal.145
                0x2400102c        0x4 ./X-CUBE-AI/App/tinycnnbuow.o
 .data.__compound_literal.146
                0x24001030        0x4 ./X-CUBE-AI/App/tinycnnbuow.o
 .data.__compound_literal.147
                0x24001034        0xc ./X-CUBE-AI/App/tinycnnbuow.o
 .data.__compound_literal.148
                0x24001040        0x8 ./X-CUBE-AI/App/tinycnnbuow.o
 .data.__compound_literal.149
                0x24001048       0x30 ./X-CUBE-AI/App/tinycnnbuow.o
 .data.conv2d_2_layer
                0x24001078       0x60 ./X-CUBE-AI/App/tinycnnbuow.o
 .data.__compound_literal.152
                0x240010d8        0x4 ./X-CUBE-AI/App/tinycnnbuow.o
 .data.__compound_literal.153
                0x240010dc        0x4 ./X-CUBE-AI/App/tinycnnbuow.o
 .data.__compound_literal.156
                0x240010e0       0x30 ./X-CUBE-AI/App/tinycnnbuow.o
 .data.__compound_literal.157
                0x24001110       0x18 ./X-CUBE-AI/App/tinycnnbuow.o
 .data.out_pad_0_layer
                0x24001128       0x24 ./X-CUBE-AI/App/tinycnnbuow.o
 .data.__compound_literal.158
                0x2400114c        0x4 ./X-CUBE-AI/App/tinycnnbuow.o
 .data.__compound_literal.159
                0x24001150        0x4 ./X-CUBE-AI/App/tinycnnbuow.o
 .data.__compound_literal.162
                0x24001154       0x30 ./X-CUBE-AI/App/tinycnnbuow.o
 .data.__compound_literal.163
                0x24001184       0x10 ./X-CUBE-AI/App/tinycnnbuow.o
 .data.pad_0_layer
                0x24001194       0x2c ./X-CUBE-AI/App/tinycnnbuow.o
 .data.__compound_literal.164
                0x240011c0        0x4 ./X-CUBE-AI/App/tinycnnbuow.o
 .data.__compound_literal.165
                0x240011c4        0x4 ./X-CUBE-AI/App/tinycnnbuow.o
 .data.__compound_literal.168
                0x240011c8       0x30 ./X-CUBE-AI/App/tinycnnbuow.o
 .data.__compound_literal.169
                0x240011f8       0x18 ./X-CUBE-AI/App/tinycnnbuow.o
 .data.in_pad_0_layer
                0x24001210       0x24 ./X-CUBE-AI/App/tinycnnbuow.o
 .data.__compound_literal.170
                0x24001234       0x10 ./X-CUBE-AI/App/tinycnnbuow.o
 .data.__compound_literal.171
                0x24001244       0x1c ./X-CUBE-AI/App/tinycnnbuow.o
 .data.__compound_literal.172
                0x24001260       0x10 ./X-CUBE-AI/App/tinycnnbuow.o
 .data.__compound_literal.173
                0x24001270       0x1c ./X-CUBE-AI/App/tinycnnbuow.o
 .data.__compound_literal.174
                0x2400128c        0x4 ./X-CUBE-AI/App/tinycnnbuow.o
 .data.__compound_literal.178
                0x24001290        0xc ./X-CUBE-AI/App/tinycnnbuow.o
 .data.__compound_literal.179
                0x2400129c        0x4 ./X-CUBE-AI/App/tinycnnbuow.o
 .data.__compound_literal.183
                0x240012a0        0xc ./X-CUBE-AI/App/tinycnnbuow.o
 .data.__compound_literal.184
                0x240012ac       0x18 ./X-CUBE-AI/App/tinycnnbuow.o
 .data.g_tinycnnbuow
                0x240012c4       0x4c ./X-CUBE-AI/App/tinycnnbuow.o
 .data.__compound_literal.0
                0x24001310       0x10 ./X-CUBE-AI/App/tinycnnbuow_data.o
 .data.g_tinycnnbuow_data_map_activations
                0x24001320       0x1c ./X-CUBE-AI/App/tinycnnbuow_data.o
                0x24001320                g_tinycnnbuow_data_map_activations
 .data.__compound_literal.1
                0x2400133c       0x10 ./X-CUBE-AI/App/tinycnnbuow_data.o
 .data.g_tinycnnbuow_data_map_weights
                0x2400134c       0x1c ./X-CUBE-AI/App/tinycnnbuow_data.o
                0x2400134c                g_tinycnnbuow_data_map_weights
 .data.__sglue  0x24001368        0xc C:/ST/STM32CubeIDE_1.19.0/STM32CubeIDE/plugins/com.st.stm32cube.ide.mcu.externaltools.gnu-tools-for-stm32.13.3.rel1.win32_1.0.0.202411081344/tools/bin/../lib/gcc/arm-none-eabi/13.3.1/../../../../arm-none-eabi/lib/thumb/v7e-m+dp/hard\libc_nano.a(libc_a-findfp.o)
                0x24001368                __sglue
 .data._impure_ptr
                0x24001374        0x4 C:/ST/STM32CubeIDE_1.19.0/STM32CubeIDE/plugins/com.st.stm32cube.ide.mcu.externaltools.gnu-tools-for-stm32.13.3.rel1.win32_1.0.0.202411081344/tools/bin/../lib/gcc/arm-none-eabi/13.3.1/../../../../arm-none-eabi/lib/thumb/v7e-m+dp/hard\libc_nano.a(libc_a-impure.o)
                0x24001374                _impure_ptr
 .data._impure_data
                0x24001378       0x4c C:/ST/STM32CubeIDE_1.19.0/STM32CubeIDE/plugins/com.st.stm32cube.ide.mcu.externaltools.gnu-tools-for-stm32.13.3.rel1.win32_1.0.0.202411081344/tools/bin/../lib/gcc/arm-none-eabi/13.3.1/../../../../arm-none-eabi/lib/thumb/v7e-m+dp/hard\libc_nano.a(libc_a-impure.o)
                0x24001378                _impure_data
 *(.RamFunc)
 *(.RamFunc*)
                0x240013c4                        . = ALIGN (0x4)
                0x240013c4                        _edata = .

.igot.plt       0x240013c4        0x0 load address 0x08013e48
 .igot.plt      0x240013c4        0x0 C:/ST/STM32CubeIDE_1.19.0/STM32CubeIDE/plugins/com.st.stm32cube.ide.mcu.externaltools.gnu-tools-for-stm32.13.3.rel1.win32_1.0.0.202411081344/tools/bin/../lib/gcc/arm-none-eabi/13.3.1/thumb/v7e-m+dp/hard/crtbegin.o
                0x240013c4                        . = ALIGN (0x4)

.bss            0x240013e0    0x45de0 load address 0x08013e48
                0x240013e0                        _sbss = .
                0x240013e0                        __bss_start__ = _sbss
 *(.bss)
 .bss           0x240013e0       0x1c C:/ST/STM32CubeIDE_1.19.0/STM32CubeIDE/plugins/com.st.stm32cube.ide.mcu.externaltools.gnu-tools-for-stm32.13.3.rel1.win32_1.0.0.202411081344/tools/bin/../lib/gcc/arm-none-eabi/13.3.1/thumb/v7e-m+dp/hard/crtbegin.o
 *(.bss*)
 .bss.hsai_BlockA4
                0x240013fc       0x98 ./Core/Src/main.o
                0x240013fc                hsai_BlockA4
 .bss.hsai_BlockB4
                0x24001494       0x98 ./Core/Src/main.o
                0x24001494                hsai_BlockB4
 .bss.hdma_sai4_b
                0x2400152c       0x78 ./Core/Src/main.o
                0x2400152c                hdma_sai4_b
 .bss.SAI4_client
                0x240015a4        0x4 ./Core/Src/stm32h7xx_hal_msp.o
 .bss.__sbrk_heap_end
                0x240015a8        0x4 ./Core/Src/sysmem.o
 .bss.uwTick    0x240015ac        0x4 ./Drivers/STM32H7xx_HAL_Driver/stm32h7xx_hal.o
                0x240015ac                uwTick
 .bss.data_ins  0x240015b0        0x4 ./X-CUBE-AI/App/app_x-cube-ai.o
                0x240015b0                data_ins
 .bss.data_outs
                0x240015b4        0x4 ./X-CUBE-AI/App/app_x-cube-ai.o
                0x240015b4                data_outs
 *fill*         0x240015b8        0x8 
 .bss.pool0     0x240015c0    0x45980 ./X-CUBE-AI/App/app_x-cube-ai.o
 .bss.tinycnnbuow
                0x24046f40        0x4 ./X-CUBE-AI/App/app_x-cube-ai.o
 .bss.ai_input  0x24046f44        0x4 ./X-CUBE-AI/App/app_x-cube-ai.o
 .bss.ai_output
                0x24046f48        0x4 ./X-CUBE-AI/App/app_x-cube-ai.o
 .bss.g_tinycnnbuow_activations_map
                0x24046f4c        0x4 ./X-CUBE-AI/App/tinycnnbuow.o
 .bss.g_tinycnnbuow_weights_map